Archive member included to satisfy reference by file (symbol)

c:/users/ky935/gcc-arm-none-eabi-5_4-2016q3/bin/../lib/gcc/arm-none-eabi/5.4.1/../../../../arm-none-eabi/lib/armv7e-m/fpu\libc.a(lib_a-exit.o)
                              c:/users/ky935/gcc-arm-none-eabi-5_4-2016q3/bin/../lib/gcc/arm-none-eabi/5.4.1/../../../../arm-none-eabi/lib/armv7e-m/fpu/crt0.o (exit)
c:/users/ky935/gcc-arm-none-eabi-5_4-2016q3/bin/../lib/gcc/arm-none-eabi/5.4.1/../../../../arm-none-eabi/lib/armv7e-m/fpu\libc.a(lib_a-impure.o)
                              c:/users/ky935/gcc-arm-none-eabi-5_4-2016q3/bin/../lib/gcc/arm-none-eabi/5.4.1/../../../../arm-none-eabi/lib/armv7e-m/fpu\libc.a(lib_a-exit.o) (_global_impure_ptr)
c:/users/ky935/gcc-arm-none-eabi-5_4-2016q3/bin/../lib/gcc/arm-none-eabi/5.4.1/../../../../arm-none-eabi/lib/armv7e-m/fpu\libc.a(lib_a-init.o)
                              c:/users/ky935/gcc-arm-none-eabi-5_4-2016q3/bin/../lib/gcc/arm-none-eabi/5.4.1/../../../../arm-none-eabi/lib/armv7e-m/fpu/crt0.o (__libc_init_array)
c:/users/ky935/gcc-arm-none-eabi-5_4-2016q3/bin/../lib/gcc/arm-none-eabi/5.4.1/../../../../arm-none-eabi/lib/armv7e-m/fpu\libc.a(lib_a-memset.o)
                              c:/users/ky935/gcc-arm-none-eabi-5_4-2016q3/bin/../lib/gcc/arm-none-eabi/5.4.1/../../../../arm-none-eabi/lib/armv7e-m/fpu/crt0.o (memset)
c:/users/ky935/gcc-arm-none-eabi-5_4-2016q3/bin/../lib/gcc/arm-none-eabi/5.4.1/../../../../arm-none-eabi/lib/armv7e-m/fpu\libc.a(lib_a-__call_atexit.o)
                              c:/users/ky935/gcc-arm-none-eabi-5_4-2016q3/bin/../lib/gcc/arm-none-eabi/5.4.1/../../../../arm-none-eabi/lib/armv7e-m/fpu\libc.a(lib_a-exit.o) (__call_exitprocs)
c:/users/ky935/gcc-arm-none-eabi-5_4-2016q3/bin/../lib/gcc/arm-none-eabi/5.4.1/../../../../arm-none-eabi/lib/armv7e-m/fpu\libc.a(lib_a-atexit.o)
                              c:/users/ky935/gcc-arm-none-eabi-5_4-2016q3/bin/../lib/gcc/arm-none-eabi/5.4.1/../../../../arm-none-eabi/lib/armv7e-m/fpu\libc.a(lib_a-__call_atexit.o) (atexit)
c:/users/ky935/gcc-arm-none-eabi-5_4-2016q3/bin/../lib/gcc/arm-none-eabi/5.4.1/../../../../arm-none-eabi/lib/armv7e-m/fpu\libc.a(lib_a-fini.o)
                              c:/users/ky935/gcc-arm-none-eabi-5_4-2016q3/bin/../lib/gcc/arm-none-eabi/5.4.1/../../../../arm-none-eabi/lib/armv7e-m/fpu\libc.a(lib_a-__call_atexit.o) (__libc_fini_array)
c:/users/ky935/gcc-arm-none-eabi-5_4-2016q3/bin/../lib/gcc/arm-none-eabi/5.4.1/../../../../arm-none-eabi/lib/armv7e-m/fpu\libc.a(lib_a-__atexit.o)
                              c:/users/ky935/gcc-arm-none-eabi-5_4-2016q3/bin/../lib/gcc/arm-none-eabi/5.4.1/../../../../arm-none-eabi/lib/armv7e-m/fpu\libc.a(lib_a-atexit.o) (__register_exitproc)
c:/users/ky935/gcc-arm-none-eabi-5_4-2016q3/bin/../lib/gcc/arm-none-eabi/5.4.1/../../../../arm-none-eabi/lib/armv7e-m/fpu\libnosys.a(_exit.o)
                              c:/users/ky935/gcc-arm-none-eabi-5_4-2016q3/bin/../lib/gcc/arm-none-eabi/5.4.1/../../../../arm-none-eabi/lib/armv7e-m/fpu\libc.a(lib_a-exit.o) (_exit)

Allocating common symbols
Common symbol       size              file

uwTick              0x4               ../arch/stm32/f3/src/stm32f3xx_hal.o
pFlash              0x20              ../arch/stm32/f3/src/stm32f3xx_hal_flash.o
TimHandle           0x40              ../arch/stm32/f3/src/stm32f3xx_hal_timebase_tim.o

Discarded input sections

 .text          0x00000000        0x0 c:/users/ky935/gcc-arm-none-eabi-5_4-2016q3/bin/../lib/gcc/arm-none-eabi/5.4.1/armv7e-m/fpu/crti.o
 .data          0x00000000        0x0 c:/users/ky935/gcc-arm-none-eabi-5_4-2016q3/bin/../lib/gcc/arm-none-eabi/5.4.1/armv7e-m/fpu/crti.o
 .bss           0x00000000        0x0 c:/users/ky935/gcc-arm-none-eabi-5_4-2016q3/bin/../lib/gcc/arm-none-eabi/5.4.1/armv7e-m/fpu/crti.o
 .data          0x00000000        0x4 c:/users/ky935/gcc-arm-none-eabi-5_4-2016q3/bin/../lib/gcc/arm-none-eabi/5.4.1/armv7e-m/fpu/crtbegin.o
 .text          0x00000000       0x74 c:/users/ky935/gcc-arm-none-eabi-5_4-2016q3/bin/../lib/gcc/arm-none-eabi/5.4.1/../../../../arm-none-eabi/lib/armv7e-m/fpu/crt0.o
 .data          0x00000000        0x0 c:/users/ky935/gcc-arm-none-eabi-5_4-2016q3/bin/../lib/gcc/arm-none-eabi/5.4.1/../../../../arm-none-eabi/lib/armv7e-m/fpu/crt0.o
 .bss           0x00000000        0x0 c:/users/ky935/gcc-arm-none-eabi-5_4-2016q3/bin/../lib/gcc/arm-none-eabi/5.4.1/../../../../arm-none-eabi/lib/armv7e-m/fpu/crt0.o
 .ARM.extab     0x00000000        0x0 c:/users/ky935/gcc-arm-none-eabi-5_4-2016q3/bin/../lib/gcc/arm-none-eabi/5.4.1/../../../../arm-none-eabi/lib/armv7e-m/fpu/crt0.o
 .ARM.exidx     0x00000000        0x8 c:/users/ky935/gcc-arm-none-eabi-5_4-2016q3/bin/../lib/gcc/arm-none-eabi/5.4.1/../../../../arm-none-eabi/lib/armv7e-m/fpu/crt0.o
 .ARM.attributes
                0x00000000       0x20 c:/users/ky935/gcc-arm-none-eabi-5_4-2016q3/bin/../lib/gcc/arm-none-eabi/5.4.1/../../../../arm-none-eabi/lib/armv7e-m/fpu/crt0.o
[...]
Memory Configuration

Name             Origin             Length             Attributes
FLASH            0x08000000         0x00040000         xr
RAM              0x20000000         0x0000a000         xrw
CCMRAM           0x10000000         0x00002000         rw
*default*        0x00000000         0xffffffff

Linker script and memory map

LOAD c:/users/ky935/gcc-arm-none-eabi-5_4-2016q3/bin/../lib/gcc/arm-none-eabi/5.4.1/armv7e-m/fpu/crti.o
LOAD c:/users/ky935/gcc-arm-none-eabi-5_4-2016q3/bin/../lib/gcc/arm-none-eabi/5.4.1/armv7e-m/fpu/crtbegin.o
LOAD c:/users/ky935/gcc-arm-none-eabi-5_4-2016q3/bin/../lib/gcc/arm-none-eabi/5.4.1/../../../../arm-none-eabi/lib/armv7e-m/fpu/crt0.o
                0x20009fff                _estack = 0x20009fff
                0x00000200                _Min_Heap_Size = 0x200
                0x00000400                _Min_Stack_Size = 0x400

.isr_vector     0x08000000      0x188
                0x08000000                . = ALIGN (0x4)
 *(.isr_vector)
 .isr_vector    0x08000000      0x188 ../arch/stm32/f3/src/CMSIS/startup_stm32f303xc.o
                0x08000000                g_pfnVectors
                0x08000188                . = ALIGN (0x4)

.text           0x08000188     0x48dc
                0x08000188                . = ALIGN (0x4)
 *(.text)
 .text          0x08000188       0x5c c:/users/ky935/gcc-arm-none-eabi-5_4-2016q3/bin/../lib/gcc/arm-none-eabi/5.4.1/armv7e-m/fpu/crtbegin.o
 .text          0x080001e4      0x9e8 ../arch/stm32/f3/src/stm32f3xx_hal_rcc.o
                0x080001e4                HAL_RCC_DeInit
                0x08000234                HAL_RCC_OscConfig
                0x080007e0                HAL_RCC_MCOConfig
                0x0800082c                HAL_RCC_EnableCSS
                0x08000848                HAL_RCC_DisableCSS
                0x08000864                HAL_RCC_GetSysClockFreq
                0x080008d0                HAL_RCC_ClockConfig
                0x08000a5c                HAL_RCC_GetHCLKFreq
                0x08000a68                HAL_RCC_GetPCLK1Freq
                0x08000a98                HAL_RCC_GetPCLK2Freq
                0x08000ac8                HAL_RCC_GetOscConfig
                0x08000b64                HAL_RCC_GetClockConfig
                0x08000ba8                HAL_RCC_CSSCallback
                0x08000bac                HAL_RCC_NMI_IRQHandler
 .text          0x08000bcc      0xc84 ../arch/stm32/f3/src/stm32f3xx_hal_tim_ex.o
                0x08000cac                HAL_TIMEx_HallSensor_MspInit
                0x08000cb0                HAL_TIMEx_HallSensor_Init
                0x08000d68                HAL_TIMEx_HallSensor_MspDeInit
                0x08000d6c                HAL_TIMEx_HallSensor_DeInit
                0x08000da8                HAL_TIMEx_HallSensor_Start
                0x08000dc4                HAL_TIMEx_HallSensor_Stop
                0x08000df4                HAL_TIMEx_HallSensor_Start_IT
                0x08000e18                HAL_TIMEx_HallSensor_Stop_IT
                0x08000e50                HAL_TIMEx_HallSensor_Start_DMA
                0x08000ebc                HAL_TIMEx_HallSensor_Stop_DMA
                0x08000ef4                HAL_TIMEx_PWMN_Start
                0x08000f20                HAL_TIMEx_OCN_Start
                0x08000f24                HAL_TIMEx_PWMN_Start_IT
                0x08000f9c                HAL_TIMEx_OCN_Start_IT
                0x08000fa0                HAL_TIMEx_PWMN_Stop_IT
                0x08001048                HAL_TIMEx_OCN_Stop_IT
                0x0800104c                HAL_TIMEx_PWMN_Start_DMA
                0x0800114c                HAL_TIMEx_OCN_Start_DMA
                0x08001150                HAL_TIMEx_PWMN_Stop_DMA
                0x080011f4                HAL_TIMEx_OCN_Stop_DMA
                0x080011f8                HAL_TIMEx_OnePulseN_Start
                0x0800121c                HAL_TIMEx_OnePulseN_Stop
                0x08001270                HAL_TIMEx_PWMN_Stop
                0x08001274                HAL_TIMEx_OCN_Stop
                0x08001278                HAL_TIMEx_OnePulseN_Start_IT
                0x080012ac                HAL_TIMEx_OnePulseN_Stop_IT
                0x08001310                HAL_TIMEx_ConfigCommutationEvent
                0x08001360                HAL_TIMEx_ConfigCommutationEvent_IT
                0x080013b8                HAL_TIMEx_ConfigCommutationEvent_DMA
                0x08001420                HAL_TIM_OC_ConfigChannel
                0x08001498                HAL_TIM_PWM_ConfigChannel
                0x080015c0                HAL_TIMEx_MasterConfigSynchronization
                0x08001614                HAL_TIMEx_ConfigBreakDeadTime
                0x080016a0                HAL_TIMEx_RemapConfig
                0x080016cc                HAL_TIMEx_GroupChannel5
                0x08001704                HAL_TIM_ConfigOCrefClear
                0x08001830                HAL_TIMEx_CommutationCallback
                0x08001834                TIMEx_DMACommutationCplt
                0x08001844                HAL_TIMEx_BreakCallback
                0x08001848                HAL_TIMEx_HallSensor_GetState
 .text          0x08001850       0xc0 ../arch/stm32/f3/src/stm32f3xx_hal_timebase_tim.o
                0x08001850                HAL_InitTick
                0x080018d8                HAL_SuspendTick
                0x080018ec                HAL_ResumeTick
                0x08001900                HAL_TIM_PeriodElapsedCallback
                0x08001904                TIM6_DAC_IRQHandler
 .text          0x08001910      0x2b0 ../arch/stm32/f3/src/stm32f3xx_hal_cortex.o
                0x08001910                HAL_NVIC_SetPriorityGrouping
                0x08001934                HAL_NVIC_SetPriority
                0x080019a4                HAL_NVIC_EnableIRQ
                0x080019bc                HAL_NVIC_DisableIRQ
                0x080019d8                HAL_NVIC_SystemReset
                0x080019fc                HAL_SYSTICK_Config
                0x08001a30                HAL_MPU_Disable
                0x08001a4c                HAL_MPU_Enable
                0x08001a68                HAL_MPU_ConfigRegion
                0x08001abc                HAL_NVIC_GetPriorityGrouping
                0x08001acc                HAL_NVIC_GetPriority
                0x08001b2c                HAL_NVIC_SetPendingIRQ
                0x08001b48                HAL_NVIC_GetPendingIRQ
                0x08001b64                HAL_NVIC_ClearPendingIRQ
                0x08001b80                HAL_NVIC_GetActive
                0x08001b9c                HAL_SYSTICK_CLKSourceConfig
                0x08001bb4                HAL_SYSTICK_Callback
                0x08001bb8                HAL_SYSTICK_IRQHandler
 .text          0x08001bc0      0x490 ../arch/stm32/f3/src/stm32f3xx_hal_dma.o
                0x08001bc0                HAL_DMA_Init
                0x08001c50                HAL_DMA_DeInit
                0x08001cc4                HAL_DMA_Start
                0x08001d28                HAL_DMA_Start_IT
                0x08001dac                HAL_DMA_Abort
                0x08001de0                HAL_DMA_Abort_IT
                0x08001e28                HAL_DMA_PollForTransfer
                0x08001efc                HAL_DMA_IRQHandler
                0x08001f94                HAL_DMA_RegisterCallback
                0x08001fe8                HAL_DMA_UnRegisterCallback
                0x08002044                HAL_DMA_GetState
                0x0800204c                HAL_DMA_GetError
 .text          0x08002050       0x10 ../arch/stm32/f3/src/stm32f3xx_hal_msp.o
                0x08002050                HAL_MspInit
                0x08002054                HAL_MspDeInit
                0x08002058                HAL_PPP_MspInit
                0x0800205c                HAL_PPP_MspDeInit
 .text          0x08002060      0x36c ../arch/stm32/f3/src/stm32f3xx_hal_gpio.o
                0x08002060                HAL_GPIO_Init
                0x08002238                HAL_GPIO_DeInit
                0x08002364                HAL_GPIO_ReadPin
                0x08002370                HAL_GPIO_WritePin
                0x0800237c                HAL_GPIO_TogglePin
                0x08002384                HAL_GPIO_LockPin
                0x080023b0                HAL_GPIO_EXTI_Callback
                0x080023b4                HAL_GPIO_EXTI_IRQHandler
 .text          0x080023cc     0x2160 ../arch/stm32/f3/src/stm32f3xx_hal_tim.o
                0x08002480                HAL_TIM_Base_MspInit
                0x08002484                HAL_TIM_Base_MspDeInit
                0x08002488                HAL_TIM_Base_DeInit
                0x080024c4                HAL_TIM_Base_Start
                0x080024e4                HAL_TIM_Base_Stop
                0x08002514                HAL_TIM_Base_Start_IT
                0x0800252c                HAL_TIM_Base_Stop_IT
                0x08002558                HAL_TIM_Base_Start_DMA
                0x080025b4                HAL_TIM_Base_Stop_DMA
                0x080025e4                HAL_TIM_OC_MspInit
                0x080025e8                HAL_TIM_OC_MspDeInit
                0x080025ec                HAL_TIM_OC_DeInit
                0x08002628                HAL_TIM_OC_Stop
                0x080026b0                HAL_TIM_PWM_MspInit
                0x080026b4                HAL_TIM_PWM_MspDeInit
                0x080026b8                HAL_TIM_PWM_DeInit
                0x080026f4                HAL_TIM_PWM_Start
                0x08002754                HAL_TIM_OC_Start
                0x08002758                HAL_TIM_PWM_Stop
                0x080027e4                HAL_TIM_PWM_Start_IT
                0x0800288c                HAL_TIM_OC_Start_IT
                0x08002890                HAL_TIM_PWM_Stop_IT
                0x08002960                HAL_TIM_OC_Stop_IT
                0x08002964                HAL_TIM_PWM_Start_DMA
                0x08002a94                HAL_TIM_OC_Start_DMA
                0x08002a98                HAL_TIM_PWM_Stop_DMA
                0x08002b6c                HAL_TIM_OC_Stop_DMA
                0x08002b70                HAL_TIM_IC_MspInit
                0x08002b74                HAL_TIM_IC_MspDeInit
                0x08002b78                HAL_TIM_IC_DeInit
                0x08002bb4                HAL_TIM_IC_Start
                0x08002bd8                HAL_TIM_IC_Stop
                0x08002c0c                HAL_TIM_IC_Start_IT
                0x08002c74                HAL_TIM_IC_Stop_IT
                0x08002cf0                HAL_TIM_IC_Start_DMA
                0x08002dd4                HAL_TIM_IC_Stop_DMA
                0x08002e5c                HAL_TIM_OnePulse_MspInit
                0x08002e60                HAL_TIM_OnePulse_MspDeInit
                0x08002e64                HAL_TIM_OnePulse_DeInit
                0x08002ea0                HAL_TIM_OnePulse_Start
                0x08002f00                HAL_TIM_OnePulse_Stop
                0x08002f88                HAL_TIM_OnePulse_Start_IT
                0x08002ff8                HAL_TIM_OnePulse_Stop_IT
                0x08003090                HAL_TIM_Encoder_MspInit
                0x08003094                HAL_TIM_Encoder_MspDeInit
                0x08003098                HAL_TIM_Encoder_DeInit
                0x080030d4                HAL_TIM_Encoder_Start
                0x08003120                HAL_TIM_Encoder_Stop
                0x08003174                HAL_TIM_Encoder_Start_IT
                0x080031f4                HAL_TIM_Encoder_Stop_IT
                0x08003274                HAL_TIM_Encoder_Start_DMA
                0x080033bc                HAL_TIM_Encoder_Stop_DMA
                0x0800343c                HAL_TIM_DMABurst_WriteStart
                0x08003520                HAL_TIM_DMABurst_ReadStart
                0x08003604                HAL_TIM_DMABurst_ReadStop
                0x0800367c                HAL_TIM_DMABurst_WriteStop
                0x08003680                HAL_TIM_GenerateEvent
                0x08003778                HAL_TIM_ConfigClockSource
                0x08003908                HAL_TIM_ConfigTI1Input
                0x08003918                HAL_TIM_SlaveConfigSynchronization
                0x08003958                HAL_TIM_SlaveConfigSynchronization_IT
                0x08003998                HAL_TIM_ReadCapturedValue
                0x08003a0c                HAL_TIM_OC_DelayElapsedCallback
                0x08003a10                HAL_TIM_IC_CaptureCallback
                0x08003a14                TIM_DMACaptureCplt
                0x08003a60                HAL_TIM_PWM_PulseFinishedCallback
                0x08003a64                TIM_DMADelayPulseCplt
                0x08003ab0                HAL_TIM_TriggerCallback
                0x08003ab4                HAL_TIM_IRQHandler
                0x08003c18                HAL_TIM_ErrorCallback
                0x08003c1c                TIM_DMAError
                0x08003c2c                HAL_TIM_Base_GetState
                0x08003c34                HAL_TIM_OC_GetState
                0x08003c3c                HAL_TIM_PWM_GetState
                0x08003c44                HAL_TIM_IC_GetState
                0x08003c4c                HAL_TIM_OnePulse_GetState
                0x08003c54                HAL_TIM_Encoder_GetState
                0x08003c5c                TIM_Base_SetConfig
                0x08003d34                HAL_TIM_Base_Init
                0x08003d6c                HAL_TIM_OC_Init
                0x08003da4                HAL_TIM_PWM_Init
                0x08003ddc                HAL_TIM_IC_Init
                0x08003e14                HAL_TIM_OnePulse_Init
                0x08003e5c                HAL_TIM_Encoder_Init
                0x08003f08                TIM_OC1_SetConfig
                0x08003f88                TIM_OC2_SetConfig
                0x0800400c                TIM_OC3_SetConfig
                0x0800408c                TIM_OC4_SetConfig
                0x08004230                TIM_TI1_SetConfig
                0x08004298                HAL_TIM_IC_ConfigChannel
                0x080043d0                HAL_TIM_OnePulse_ConfigChannel
                0x080044f4                TIM_ETR_SetConfig
                0x0800450c                TIM_CCxChannelCmd
 .text          0x0800452c      0x158 ../arch/stm32/f3/src/stm32f3xx_hal.o
                0x08004534                HAL_DeInit
                0x08004584                HAL_Init
                0x080045a8                HAL_IncTick
                0x080045b8                HAL_GetTick
                0x080045c4                HAL_Delay
                0x08004600                HAL_GetHalVersion
                0x08004608                HAL_GetREVID
                0x08004614                HAL_GetDEVID
                0x08004624                HAL_DBGMCU_EnableDBGSleepMode
                0x08004634                HAL_DBGMCU_DisableDBGSleepMode
                0x08004644                HAL_DBGMCU_EnableDBGStopMode
                0x08004654                HAL_DBGMCU_DisableDBGStopMode
                0x08004664                HAL_DBGMCU_EnableDBGStandbyMode
                0x08004674                HAL_DBGMCU_DisableDBGStandbyMode
 .text          0x08004684       0xd0 ../arch/stm32/f3/src/CMSIS/system_stm32f3xx.o
                0x08004684                SystemInit
                0x080046f4                SystemCoreClockUpdate
 .text          0x08004754       0x10 user_source/foo.o
                0x08004754                foo
                0x08004758                TEST_FOO
 .text          0x08004764       0xac user_source/hal_interface/board_led.o
                0x08004764                board_led_init
                0x080047a8                board_led_on
                0x080047cc                board_led_off
                0x080047f0                board_led_toggle
 .text          0x08004810       0x68 user_source/hal_interface/cpu.o
                0x08004810                cpu_init
                0x08004860                cpu_sw_delay
 *(.text*)
 .text.__libc_init_array
                0x08004878       0x50 c:/users/ky935/gcc-arm-none-eabi-5_4-2016q3/bin/../lib/gcc/arm-none-eabi/5.4.1/../../../../arm-none-eabi/lib/armv7e-m/fpu\libc.a(lib_a-init.o)
                0x08004878                __libc_init_array
 .text.startup.register_fini
                0x080048c8       0x14 c:/users/ky935/gcc-arm-none-eabi-5_4-2016q3/bin/../lib/gcc/arm-none-eabi/5.4.1/../../../../arm-none-eabi/lib/armv7e-m/fpu\libc.a(lib_a-__call_atexit.o)
 .text.atexit   0x080048dc        0xc c:/users/ky935/gcc-arm-none-eabi-5_4-2016q3/bin/../lib/gcc/arm-none-eabi/5.4.1/../../../../arm-none-eabi/lib/armv7e-m/fpu\libc.a(lib_a-atexit.o)
                0x080048dc                atexit
 .text.__libc_fini_array
                0x080048e8       0x28 c:/users/ky935/gcc-arm-none-eabi-5_4-2016q3/bin/../lib/gcc/arm-none-eabi/5.4.1/../../../../arm-none-eabi/lib/armv7e-m/fpu\libc.a(lib_a-fini.o)
                0x080048e8                __libc_fini_array
 .text.__register_exitproc
                0x08004910       0xa4 c:/users/ky935/gcc-arm-none-eabi-5_4-2016q3/bin/../lib/gcc/arm-none-eabi/5.4.1/../../../../arm-none-eabi/lib/armv7e-m/fpu\libc.a(lib_a-__atexit.o)
                0x08004910                __register_exitproc
 .text.Reset_Handler
                0x080049b4       0x50 ../arch/stm32/f3/src/CMSIS/startup_stm32f303xc.o
                0x080049b4                Reset_Handler
 .text.Default_Handler
                0x08004a04        0x2 ../arch/stm32/f3/src/CMSIS/startup_stm32f303xc.o
                0x08004a04                RTC_Alarm_IRQHandler
                0x08004a04                TIM8_TRG_COM_IRQHandler
                0x08004a04                TIM8_CC_IRQHandler
                0x08004a04                DebugMon_Handler
                0x08004a04                TIM1_CC_IRQHandler
                0x08004a04                HardFault_Handler
                0x08004a04                USB_HP_IRQHandler
                0x08004a04                SysTick_Handler
                0x08004a04                PVD_IRQHandler
                0x08004a04                TAMP_STAMP_IRQHandler
                0x08004a04                PendSV_Handler
                0x08004a04                NMI_Handler
                0x08004a04                EXTI3_IRQHandler
                0x08004a04                USB_HP_CAN_TX_IRQHandler
                0x08004a04                EXTI0_IRQHandler
                0x08004a04                I2C2_EV_IRQHandler
                0x08004a04                FPU_IRQHandler
                0x08004a04                TIM1_UP_TIM16_IRQHandler
                0x08004a04                UsageFault_Handler
                0x08004a04                ADC1_2_IRQHandler
                0x08004a04                SPI1_IRQHandler
                0x08004a04                CAN_SCE_IRQHandler
                0x08004a04                TIM8_UP_IRQHandler
                0x08004a04                DMA2_Channel2_IRQHandler
                0x08004a04                DMA1_Channel4_IRQHandler
                0x08004a04                USART3_IRQHandler
                0x08004a04                DMA1_Channel7_IRQHandler
                0x08004a04                UART5_IRQHandler
                0x08004a04                ADC3_IRQHandler
                0x08004a04                TIM4_IRQHandler
                0x08004a04                CAN_RX1_IRQHandler
                0x08004a04                DMA2_Channel1_IRQHandler
                0x08004a04                I2C1_EV_IRQHandler
                0x08004a04                DMA1_Channel6_IRQHandler
                0x08004a04                UART4_IRQHandler
                0x08004a04                DMA2_Channel4_IRQHandler
                0x08004a04                TIM3_IRQHandler
                0x08004a04                RCC_IRQHandler
                0x08004a04                DMA1_Channel1_IRQHandler
                0x08004a04                Default_Handler
                0x08004a04                USBWakeUp_RMP_IRQHandler
                0x08004a04                EXTI15_10_IRQHandler
                0x08004a04                TIM7_IRQHandler
                0x08004a04                EXTI9_5_IRQHandler
                0x08004a04                RTC_WKUP_IRQHandler
                0x08004a04                SPI2_IRQHandler
                0x08004a04                USB_LP_CAN_RX0_IRQHandler
                0x08004a04                MemManage_Handler
                0x08004a04                SVC_Handler
                0x08004a04                DMA2_Channel5_IRQHandler
                0x08004a04                DMA1_Channel5_IRQHandler
                0x08004a04                USB_LP_IRQHandler
                0x08004a04                EXTI4_IRQHandler
                0x08004a04                TIM1_TRG_COM_TIM17_IRQHandler
                0x08004a04                DMA1_Channel3_IRQHandler
                0x08004a04                ADC4_IRQHandler
                0x08004a04                WWDG_IRQHandler
                0x08004a04                TIM2_IRQHandler
                0x08004a04                COMP7_IRQHandler
                0x08004a04                COMP1_2_3_IRQHandler
                0x08004a04                EXTI1_IRQHandler
                0x08004a04                USART2_IRQHandler
                0x08004a04                COMP4_5_6_IRQHandler
                0x08004a04                I2C2_ER_IRQHandler
                0x08004a04                DMA1_Channel2_IRQHandler
                0x08004a04                TIM8_BRK_IRQHandler
                0x08004a04                FLASH_IRQHandler
                0x08004a04                BusFault_Handler
                0x08004a04                USART1_IRQHandler
                0x08004a04                SPI3_IRQHandler
                0x08004a04                I2C1_ER_IRQHandler
                0x08004a04                USBWakeUp_IRQHandler
                0x08004a04                DMA2_Channel3_IRQHandler
                0x08004a04                EXTI2_TSC_IRQHandler
                0x08004a04                TIM1_BRK_TIM15_IRQHandler
 *fill*         0x08004a06        0x2 
 .text.startup  0x08004a08       0x44 test.o
                0x08004a08                main
 *(.glue_7)
 .glue_7        0x08004a4c        0x0 linker stubs
 *(.glue_7t)
 .glue_7t       0x08004a4c        0x0 linker stubs
 *(.eh_frame)
 .eh_frame      0x08004a4c        0x0 c:/users/ky935/gcc-arm-none-eabi-5_4-2016q3/bin/../lib/gcc/arm-none-eabi/5.4.1/armv7e-m/fpu/crtbegin.o
 *(.init)
 .init          0x08004a4c        0x4 c:/users/ky935/gcc-arm-none-eabi-5_4-2016q3/bin/../lib/gcc/arm-none-eabi/5.4.1/armv7e-m/fpu/crti.o
                0x08004a4c                _init
 .init          0x08004a50        0x8 c:/users/ky935/gcc-arm-none-eabi-5_4-2016q3/bin/../lib/gcc/arm-none-eabi/5.4.1/armv7e-m/fpu/crtn.o
 *(.fini)
 .fini          0x08004a58        0x4 c:/users/ky935/gcc-arm-none-eabi-5_4-2016q3/bin/../lib/gcc/arm-none-eabi/5.4.1/armv7e-m/fpu/crti.o
                0x08004a58                _fini
 .fini          0x08004a5c        0x8 c:/users/ky935/gcc-arm-none-eabi-5_4-2016q3/bin/../lib/gcc/arm-none-eabi/5.4.1/armv7e-m/fpu/crtn.o
                0x08004a64                . = ALIGN (0x4)
                0x08004a64                _etext = .

.vfp11_veneer   0x08004a64        0x0
 .vfp11_veneer  0x08004a64        0x0 linker stubs

.v4_bx          0x08004a64        0x0
 .v4_bx         0x08004a64        0x0 linker stubs

.iplt           0x08004a64        0x0
 .iplt          0x08004a64        0x0 c:/users/ky935/gcc-arm-none-eabi-5_4-2016q3/bin/../lib/gcc/arm-none-eabi/5.4.1/armv7e-m/fpu/crtbegin.o

.rodata         0x08004a64       0x3c
                0x08004a64                . = ALIGN (0x4)
 *(.rodata)
 .rodata        0x08004a64       0x20 ../arch/stm32/f3/src/stm32f3xx_hal_rcc.o
                0x08004a64                aPLLMULFactorTable
                0x08004a74                aPredivFactorTable
 .rodata        0x08004a84       0x18 ../arch/stm32/f3/src/CMSIS/system_stm32f3xx.o
                0x08004a84                AHBPrescTable
                0x08004a94                APBPrescTable
 *(.rodata*)
 .rodata._global_impure_ptr
                0x08004a9c        0x4 c:/users/ky935/gcc-arm-none-eabi-5_4-2016q3/bin/../lib/gcc/arm-none-eabi/5.4.1/../../../../arm-none-eabi/lib/armv7e-m/fpu\libc.a(lib_a-impure.o)
                0x08004a9c                _global_impure_ptr
                0x08004aa0                . = ALIGN (0x4)

.rel.dyn        0x08004aa0        0x0
 .rel.iplt      0x08004aa0        0x0 c:/users/ky935/gcc-arm-none-eabi-5_4-2016q3/bin/../lib/gcc/arm-none-eabi/5.4.1/armv7e-m/fpu/crtbegin.o

.ARM.extab
 *(.ARM.extab* .gnu.linkonce.armextab.*)

.ARM            0x08004aa0        0x0
                0x08004aa0                __exidx_start = .
 *(.ARM.exidx*)
                0x08004aa0                __exidx_end = .

.preinit_array  0x08004aa0        0x0
                0x08004aa0                PROVIDE (__preinit_array_start, .)
 *(.preinit_array*)
                0x08004aa0                PROVIDE (__preinit_array_end, .)

.init_array     0x08004aa0        0x8
                0x08004aa0                PROVIDE (__init_array_start, .)
 *(SORT(.init_array.*))
 .init_array.00000
                0x08004aa0        0x4 c:/users/ky935/gcc-arm-none-eabi-5_4-2016q3/bin/../lib/gcc/arm-none-eabi/5.4.1/../../../../arm-none-eabi/lib/armv7e-m/fpu\libc.a(lib_a-__call_atexit.o)
 *(.init_array*)
 .init_array    0x08004aa4        0x4 c:/users/ky935/gcc-arm-none-eabi-5_4-2016q3/bin/../lib/gcc/arm-none-eabi/5.4.1/armv7e-m/fpu/crtbegin.o
                0x08004aa8                PROVIDE (__init_array_end, .)

.fini_array     0x08004aa8        0x4
                0x08004aa8                PROVIDE (__fini_array_start, .)
 *(SORT(.fini_array.*))
 *(.fini_array*)
 .fini_array    0x08004aa8        0x4 c:/users/ky935/gcc-arm-none-eabi-5_4-2016q3/bin/../lib/gcc/arm-none-eabi/5.4.1/armv7e-m/fpu/crtbegin.o
                0x08004aac                PROVIDE (__fini_array_end, .)
                0x08004aac                _sidata = LOADADDR (.data)

.data           0x20000000      0x430 load address 0x08004aac
                0x20000000                . = ALIGN (0x4)
                0x20000000                _sdata = .
 *(.data)
 .data          0x20000000        0x4 ../arch/stm32/f3/src/CMSIS/system_stm32f3xx.o
                0x20000000                SystemCoreClock
 *(.data*)
 *fill*         0x20000004        0x4 
 .data.impure_data
                0x20000008      0x428 c:/users/ky935/gcc-arm-none-eabi-5_4-2016q3/bin/../lib/gcc/arm-none-eabi/5.4.1/../../../../arm-none-eabi/lib/armv7e-m/fpu\libc.a(lib_a-impure.o)
                0x20000430                . = ALIGN (0x4)
                0x20000430                _edata = .
                0x08004edc                _siccmram = LOADADDR (.ccmram)

.jcr            0x20000430        0x0 load address 0x08004edc
 .jcr           0x20000430        0x0 c:/users/ky935/gcc-arm-none-eabi-5_4-2016q3/bin/../lib/gcc/arm-none-eabi/5.4.1/armv7e-m/fpu/crtbegin.o

.igot.plt       0x20000430        0x0 load address 0x08004edc
 .igot.plt      0x20000430        0x0 c:/users/ky935/gcc-arm-none-eabi-5_4-2016q3/bin/../lib/gcc/arm-none-eabi/5.4.1/armv7e-m/fpu/crtbegin.o

.ccmram         0x10000000        0x0 load address 0x08004edc
                0x10000000                . = ALIGN (0x4)
                0x10000000                _sccmram = .
 *(.ccmram)
 *(.ccmram*)
                0x10000000                . = ALIGN (0x4)
                0x10000000                _eccmram = .
                0x10000000                . = ALIGN (0x4)

.bss            0x20000430       0x74
                0x20000430                _sbss = .
                0x20000430                __bss_start__ = _sbss
 *(.bss)
 .bss           0x20000430       0x1c c:/users/ky935/gcc-arm-none-eabi-5_4-2016q3/bin/../lib/gcc/arm-none-eabi/5.4.1/armv7e-m/fpu/crtbegin.o
 .bss           0x2000044c       0x14 user_source/hal_interface/board_led.o
 *(.bss*)
 *(COMMON)
 COMMON         0x20000460       0x40 ../arch/stm32/f3/src/stm32f3xx_hal_timebase_tim.o
                0x20000460                TimHandle
 COMMON         0x200004a0        0x4 ../arch/stm32/f3/src/stm32f3xx_hal.o
                0x200004a0                uwTick
                0x200004a4                . = ALIGN (0x4)
                0x200004a4                _ebss = .
                0x200004a4                __bss_end__ = _ebss

._user_heap_stack
                0x200004a4      0x600
                0x200004a4                . = ALIGN (0x4)
                [!provide]                PROVIDE (end, .)
                [!provide]                PROVIDE (_end, .)
                0x200006a4                . = (. + _Min_Heap_Size)
 *fill*         0x200004a4      0x200 
                0x20000aa4                . = (. + _Min_Stack_Size)
 *fill*         0x200006a4      0x400 
                0x20000aa4                . = ALIGN (0x4)

/DISCARD/
 libc.a(*)
 libm.a(*)
 libgcc.a(*)

.ARM.attributes
                0x00000000       0x30
 *(.ARM.attributes)
 .ARM.attributes
                0x00000000       0x22 c:/users/ky935/gcc-arm-none-eabi-5_4-2016q3/bin/../lib/gcc/arm-none-eabi/5.4.1/armv7e-m/fpu/crti.o
 .ARM.attributes
                0x00000022       0x34 c:/users/ky935/gcc-arm-none-eabi-5_4-2016q3/bin/../lib/gcc/arm-none-eabi/5.4.1/armv7e-m/fpu/crtbegin.o
 .ARM.attributes
                0x00000056       0x39 ../arch/stm32/f3/src/stm32f3xx_hal_rcc.o
 .ARM.attributes
                0x0000008f       0x39 ../arch/stm32/f3/src/stm32f3xx_hal_tim_ex.o
 .ARM.attributes
                0x000000c8       0x39 ../arch/stm32/f3/src/stm32f3xx_hal_timebase_tim.o
 .ARM.attributes
                0x00000101       0x39 ../arch/stm32/f3/src/stm32f3xx_hal_cortex.o
 .ARM.attributes
                0x0000013a       0x39 ../arch/stm32/f3/src/stm32f3xx_hal_dma.o
 .ARM.attributes
                0x00000173       0x39 ../arch/stm32/f3/src/stm32f3xx_hal_msp.o
 .ARM.attributes
                0x000001ac       0x39 ../arch/stm32/f3/src/stm32f3xx_hal_gpio.o
 .ARM.attributes
                0x000001e5       0x39 ../arch/stm32/f3/src/stm32f3xx_hal_tim.o
 .ARM.attributes
                0x0000021e       0x39 ../arch/stm32/f3/src/stm32f3xx_hal.o
 .ARM.attributes
                0x00000257       0x39 ../arch/stm32/f3/src/CMSIS/system_stm32f3xx.o
 .ARM.attributes
                0x00000290       0x21 ../arch/stm32/f3/src/CMSIS/startup_stm32f303xc.o
 .ARM.attributes
                0x000002b1       0x39 test.o
 .ARM.attributes
                0x000002ea       0x39 user_source/foo.o
 .ARM.attributes
                0x00000323       0x39 user_source/hal_interface/board_led.o
 .ARM.attributes
                0x0000035c       0x39 user_source/hal_interface/cpu.o
 .ARM.attributes
                0x00000395       0x22 c:/users/ky935/gcc-arm-none-eabi-5_4-2016q3/bin/../lib/gcc/arm-none-eabi/5.4.1/armv7e-m/fpu/crtn.o
LOAD ../arch/stm32/f3/src/stm32f3xx_hal_spi_ex.o
LOAD ../arch/stm32/f3/src/stm32f3xx_hal_uart_ex.o
LOAD ../arch/stm32/f3/src/stm32f3xx_hal_sdadc.o
LOAD ../arch/stm32/f3/src/stm32f3xx_ll_rcc.o
LOAD ../arch/stm32/f3/src/stm32f3xx_hal_smartcard_ex.o
LOAD ../arch/stm32/f3/src/stm32f3xx_hal_pccard.o
LOAD ../arch/stm32/f3/src/stm32f3xx_hal_flash.o
LOAD ../arch/stm32/f3/src/stm32f3xx_ll_pwr.o
LOAD ../arch/stm32/f3/src/stm32f3xx_ll_rtc.o
LOAD ../arch/stm32/f3/src/stm32f3xx_hal_rtc_ex.o
LOAD ../arch/stm32/f3/src/stm32f3xx_hal_wwdg.o
LOAD ../arch/stm32/f3/src/stm32f3xx_hal_usart.o
LOAD ../arch/stm32/f3/src/stm32f3xx_ll_exti.o
LOAD ../arch/stm32/f3/src/stm32f3xx_hal_smbus.o
LOAD ../arch/stm32/f3/src/stm32f3xx_hal_opamp_ex.o
LOAD ../arch/stm32/f3/src/stm32f3xx_hal_dac_ex.o
LOAD ../arch/stm32/f3/src/stm32f3xx_ll_utils.o
LOAD ../arch/stm32/f3/src/stm32f3xx_hal_rcc.o
LOAD ../arch/stm32/f3/src/stm32f3xx_hal_adc_ex.o
LOAD ../arch/stm32/f3/src/stm32f3xx_hal_tim_ex.o
LOAD ../arch/stm32/f3/src/stm32f3xx_hal_rtc.o
LOAD ../arch/stm32/f3/src/stm32f3xx_ll_usart.o
LOAD ../arch/stm32/f3/src/stm32f3xx_hal_pcd_ex.o
LOAD ../arch/stm32/f3/src/stm32f3xx_hal_crc_ex.o
LOAD ../arch/stm32/f3/src/stm32f3xx_hal_cec.o
LOAD ../arch/stm32/f3/src/stm32f3xx_ll_hrtim.o
LOAD ../arch/stm32/f3/src/stm32f3xx_hal_pwr_ex.o
LOAD ../arch/stm32/f3/src/stm32f3xx_hal_i2c_ex.o
LOAD ../arch/stm32/f3/src/stm32f3xx_hal_tsc.o
LOAD ../arch/stm32/f3/src/stm32f3xx_hal_i2s_ex.o
LOAD ../arch/stm32/f3/src/stm32f3xx_ll_dac.o
LOAD ../arch/stm32/f3/src/stm32f3xx_hal_i2c.o
LOAD ../arch/stm32/f3/src/stm32f3xx_hal_i2s.o
LOAD ../arch/stm32/f3/src/stm32f3xx_hal_timebase_tim.o
LOAD ../arch/stm32/f3/src/stm32f3xx_ll_dma.o
LOAD ../arch/stm32/f3/src/stm32f3xx_hal_cortex.o
LOAD ../arch/stm32/f3/src/stm32f3xx_ll_fmc.o
LOAD ../arch/stm32/f3/src/stm32f3xx_ll_i2c.o
LOAD ../arch/stm32/f3/src/stm32f3xx_hal_comp.o
LOAD ../arch/stm32/f3/src/stm32f3xx_hal_spi.o
LOAD ../arch/stm32/f3/src/stm32f3xx_hal_uart.o
LOAD ../arch/stm32/f3/src/stm32f3xx_hal_hrtim.o
LOAD ../arch/stm32/f3/src/stm32f3xx_hal_flash_ex.o
LOAD ../arch/stm32/f3/src/stm32f3xx_hal_irda.o
LOAD ../arch/stm32/f3/src/stm32f3xx_ll_comp.o
LOAD ../arch/stm32/f3/src/stm32f3xx_ll_spi.o
LOAD ../arch/stm32/f3/src/stm32f3xx_hal_dma.o
LOAD ../arch/stm32/f3/src/stm32f3xx_hal_sram.o
LOAD ../arch/stm32/f3/src/stm32f3xx_hal_iwdg.o
LOAD ../arch/stm32/f3/src/stm32f3xx_hal_opamp.o
LOAD ../arch/stm32/f3/src/stm32f3xx_hal_can.o
LOAD ../arch/stm32/f3/src/stm32f3xx_hal_dac.o
LOAD ../arch/stm32/f3/src/stm32f3xx_hal_nand.o
LOAD ../arch/stm32/f3/src/stm32f3xx_hal_msp.o
LOAD ../arch/stm32/f3/src/stm32f3xx_hal_smartcard.o
LOAD ../arch/stm32/f3/src/stm32f3xx_hal_gpio.o
LOAD ../arch/stm32/f3/src/stm32f3xx_ll_opamp.o
LOAD ../arch/stm32/f3/src/stm32f3xx_hal_adc.o
LOAD ../arch/stm32/f3/src/stm32f3xx_hal_tim.o
LOAD ../arch/stm32/f3/src/stm32f3xx_hal.o
LOAD ../arch/stm32/f3/src/stm32f3xx_hal_nor.o
LOAD ../arch/stm32/f3/src/stm32f3xx_hal_pcd.o
LOAD ../arch/stm32/f3/src/stm32f3xx_ll_gpio.o
LOAD ../arch/stm32/f3/src/stm32f3xx_ll_adc.o
LOAD ../arch/stm32/f3/src/stm32f3xx_ll_tim.o
LOAD ../arch/stm32/f3/src/stm32f3xx_ll_crc.o
LOAD ../arch/stm32/f3/src/stm32f3xx_hal_crc.o
LOAD ../arch/stm32/f3/src/stm32f3xx_hal_rcc_ex.o
LOAD ../arch/stm32/f3/src/stm32f3xx_hal_pwr.o
LOAD ../arch/stm32/f3/src/CMSIS/system_stm32f3xx.o
LOAD ../arch/stm32/f3/src/CMSIS/startup_stm32f303xc.o
LOAD test.o
LOAD user_source/foo.o
LOAD user_source/hal_interface/board_led.o
LOAD user_source/hal_interface/cpu.o
LOAD c:/users/ky935/gcc-arm-none-eabi-5_4-2016q3/bin/../lib/gcc/arm-none-eabi/5.4.1/../../../../arm-none-eabi/lib/armv7e-m/fpu\libm.a
LOAD c:/users/ky935/gcc-arm-none-eabi-5_4-2016q3/bin/../lib/gcc/arm-none-eabi/5.4.1/../../../../arm-none-eabi/lib/armv7e-m/fpu\libc.a
START GROUP
LOAD c:/users/ky935/gcc-arm-none-eabi-5_4-2016q3/bin/../lib/gcc/arm-none-eabi/5.4.1/armv7e-m/fpu\libgcc.a
LOAD c:/users/ky935/gcc-arm-none-eabi-5_4-2016q3/bin/../lib/gcc/arm-none-eabi/5.4.1/../../../../arm-none-eabi/lib/armv7e-m/fpu\libc.a
END GROUP
START GROUP
LOAD c:/users/ky935/gcc-arm-none-eabi-5_4-2016q3/bin/../lib/gcc/arm-none-eabi/5.4.1/armv7e-m/fpu\libgcc.a
LOAD c:/users/ky935/gcc-arm-none-eabi-5_4-2016q3/bin/../lib/gcc/arm-none-eabi/5.4.1/../../../../arm-none-eabi/lib/armv7e-m/fpu\libc.a
LOAD c:/users/ky935/gcc-arm-none-eabi-5_4-2016q3/bin/../lib/gcc/arm-none-eabi/5.4.1/../../../../arm-none-eabi/lib/armv7e-m/fpu\libnosys.a
END GROUP
LOAD c:/users/ky935/gcc-arm-none-eabi-5_4-2016q3/bin/../lib/gcc/arm-none-eabi/5.4.1/armv7e-m/fpu/crtend.o
LOAD c:/users/ky935/gcc-arm-none-eabi-5_4-2016q3/bin/../lib/gcc/arm-none-eabi/5.4.1/armv7e-m/fpu/crtn.o
OUTPUT(test.elf elf32-littlearm)

.debug_info     0x00000000     0x969b
 .debug_info    0x00000000     0x1341 ../arch/stm32/f3/src/stm32f3xx_hal_rcc.o
 .debug_info    0x00001341     0x14d4 ../arch/stm32/f3/src/stm32f3xx_hal_tim_ex.o
 .debug_info    0x00002815      0xa75 ../arch/stm32/f3/src/stm32f3xx_hal_timebase_tim.o
 .debug_info    0x0000328a      0xe6d ../arch/stm32/f3/src/stm32f3xx_hal_cortex.o
 .debug_info    0x000040f7      0x7d5 ../arch/stm32/f3/src/stm32f3xx_hal_dma.o
 .debug_info    0x000048cc       0xbf ../arch/stm32/f3/src/stm32f3xx_hal_msp.o
 .debug_info    0x0000498b      0x673 ../arch/stm32/f3/src/stm32f3xx_hal_gpio.o
 .debug_info    0x00004ffe     0x3163 ../arch/stm32/f3/src/stm32f3xx_hal_tim.o
 .debug_info    0x00008161      0x6ed ../arch/stm32/f3/src/stm32f3xx_hal.o
 .debug_info    0x0000884e      0x3f2 ../arch/stm32/f3/src/CMSIS/system_stm32f3xx.o
 .debug_info    0x00008c40       0x9f ../arch/stm32/f3/src/CMSIS/startup_stm32f303xc.o
 .debug_info    0x00008cdf      0x1bc test.o
 .debug_info    0x00008e9b       0x96 user_source/foo.o
 .debug_info    0x00008f31      0x471 user_source/hal_interface/board_led.o
 .debug_info    0x000093a2      0x2f9 user_source/hal_interface/cpu.o

.debug_abbrev   0x00000000     0x1942
 .debug_abbrev  0x00000000      0x2cc ../arch/stm32/f3/src/stm32f3xx_hal_rcc.o
 .debug_abbrev  0x000002cc      0x2b6 ../arch/stm32/f3/src/stm32f3xx_hal_tim_ex.o
 .debug_abbrev  0x00000582      0x205 ../arch/stm32/f3/src/stm32f3xx_hal_timebase_tim.o
 .debug_abbrev  0x00000787      0x304 ../arch/stm32/f3/src/stm32f3xx_hal_cortex.o
 .debug_abbrev  0x00000a8b      0x219 ../arch/stm32/f3/src/stm32f3xx_hal_dma.o
 .debug_abbrev  0x00000ca4       0x70 ../arch/stm32/f3/src/stm32f3xx_hal_msp.o
 .debug_abbrev  0x00000d14      0x1d7 ../arch/stm32/f3/src/stm32f3xx_hal_gpio.o
 .debug_abbrev  0x00000eeb      0x333 ../arch/stm32/f3/src/stm32f3xx_hal_tim.o
 .debug_abbrev  0x0000121e      0x1d0 ../arch/stm32/f3/src/stm32f3xx_hal.o
 .debug_abbrev  0x000013ee      0x101 ../arch/stm32/f3/src/CMSIS/system_stm32f3xx.o
 .debug_abbrev  0x000014ef       0x12 ../arch/stm32/f3/src/CMSIS/startup_stm32f303xc.o
 .debug_abbrev  0x00001501       0xd3 test.o
 .debug_abbrev  0x000015d4       0x94 user_source/foo.o
 .debug_abbrev  0x00001668      0x170 user_source/hal_interface/board_led.o
 .debug_abbrev  0x000017d8      0x16a user_source/hal_interface/cpu.o

.debug_loc      0x00000000     0x76c2
 .debug_loc     0x00000000      0x905 ../arch/stm32/f3/src/stm32f3xx_hal_rcc.o
 .debug_loc     0x00000905     0x1642 ../arch/stm32/f3/src/stm32f3xx_hal_tim_ex.o
 .debug_loc     0x00001f47       0xd1 ../arch/stm32/f3/src/stm32f3xx_hal_timebase_tim.o
 .debug_loc     0x00002018      0x658 ../arch/stm32/f3/src/stm32f3xx_hal_cortex.o
 .debug_loc     0x00002670      0x6f1 ../arch/stm32/f3/src/stm32f3xx_hal_dma.o
 .debug_loc     0x00002d61      0x3cc ../arch/stm32/f3/src/stm32f3xx_hal_gpio.o
 .debug_loc     0x0000312d     0x4284 ../arch/stm32/f3/src/stm32f3xx_hal_tim.o
 .debug_loc     0x000073b1       0x4b ../arch/stm32/f3/src/stm32f3xx_hal.o
 .debug_loc     0x000073fc      0x11a ../arch/stm32/f3/src/CMSIS/system_stm32f3xx.o
 .debug_loc     0x00007516       0x44 test.o
 .debug_loc     0x0000755a       0x4e user_source/foo.o
 .debug_loc     0x000075a8       0xae user_source/hal_interface/board_led.o
 .debug_loc     0x00007656       0x6c user_source/hal_interface/cpu.o

.debug_aranges  0x00000000      0x1e8
 .debug_aranges
                0x00000000       0x20 ../arch/stm32/f3/src/stm32f3xx_hal_rcc.o
 .debug_aranges
                0x00000020       0x20 ../arch/stm32/f3/src/stm32f3xx_hal_tim_ex.o
 .debug_aranges
                0x00000040       0x20 ../arch/stm32/f3/src/stm32f3xx_hal_timebase_tim.o
 .debug_aranges
                0x00000060       0x20 ../arch/stm32/f3/src/stm32f3xx_hal_cortex.o
 .debug_aranges
                0x00000080       0x20 ../arch/stm32/f3/src/stm32f3xx_hal_dma.o
 .debug_aranges
                0x000000a0       0x20 ../arch/stm32/f3/src/stm32f3xx_hal_msp.o
 .debug_aranges
                0x000000c0       0x20 ../arch/stm32/f3/src/stm32f3xx_hal_gpio.o
 .debug_aranges
                0x000000e0       0x20 ../arch/stm32/f3/src/stm32f3xx_hal_tim.o
 .debug_aranges
                0x00000100       0x20 ../arch/stm32/f3/src/stm32f3xx_hal.o
 .debug_aranges
                0x00000120       0x20 ../arch/stm32/f3/src/CMSIS/system_stm32f3xx.o
 .debug_aranges
                0x00000140       0x28 ../arch/stm32/f3/src/CMSIS/startup_stm32f303xc.o
 .debug_aranges
                0x00000168       0x20 test.o
 .debug_aranges
                0x00000188       0x20 user_source/foo.o
 .debug_aranges
                0x000001a8       0x20 user_source/hal_interface/board_led.o
 .debug_aranges
                0x000001c8       0x20 user_source/hal_interface/cpu.o

.debug_ranges   0x00000000      0x640
 .debug_ranges  0x00000000      0x1f0 ../arch/stm32/f3/src/stm32f3xx_hal_rcc.o
 .debug_ranges  0x000001f0       0x18 ../arch/stm32/f3/src/stm32f3xx_hal_timebase_tim.o
 .debug_ranges  0x00000208       0xe0 ../arch/stm32/f3/src/stm32f3xx_hal_cortex.o
 .debug_ranges  0x000002e8       0xb0 ../arch/stm32/f3/src/stm32f3xx_hal_dma.o
 .debug_ranges  0x00000398       0x18 ../arch/stm32/f3/src/stm32f3xx_hal_gpio.o
 .debug_ranges  0x000003b0      0x230 ../arch/stm32/f3/src/stm32f3xx_hal_tim.o
 .debug_ranges  0x000005e0       0x20 ../arch/stm32/f3/src/CMSIS/startup_stm32f303xc.o
 .debug_ranges  0x00000600       0x10 test.o
 .debug_ranges  0x00000610       0x30 user_source/hal_interface/board_led.o

.debug_line     0x00000000     0x3781
 .debug_line    0x00000000      0x727 ../arch/stm32/f3/src/stm32f3xx_hal_rcc.o
 .debug_line    0x00000727      0x7ae ../arch/stm32/f3/src/stm32f3xx_hal_tim_ex.o
 .debug_line    0x00000ed5      0x226 ../arch/stm32/f3/src/stm32f3xx_hal_timebase_tim.o
 .debug_line    0x000010fb      0x304 ../arch/stm32/f3/src/stm32f3xx_hal_cortex.o
 .debug_line    0x000013ff      0x481 ../arch/stm32/f3/src/stm32f3xx_hal_dma.o
 .debug_line    0x00001880      0x133 ../arch/stm32/f3/src/stm32f3xx_hal_msp.o
 .debug_line    0x000019b3      0x2f3 ../arch/stm32/f3/src/stm32f3xx_hal_gpio.o
 .debug_line    0x00001ca6     0x11b2 ../arch/stm32/f3/src/stm32f3xx_hal_tim.o
 .debug_line    0x00002e58      0x1f2 ../arch/stm32/f3/src/stm32f3xx_hal.o
 .debug_line    0x0000304a      0x17e ../arch/stm32/f3/src/CMSIS/system_stm32f3xx.o
 .debug_line    0x000031c8       0x8f ../arch/stm32/f3/src/CMSIS/startup_stm32f303xc.o
 .debug_line    0x00003257      0x172 test.o
 .debug_line    0x000033c9       0x44 user_source/foo.o
 .debug_line    0x0000340d      0x1bf user_source/hal_interface/board_led.o
 .debug_line    0x000035cc      0x1b5 user_source/hal_interface/cpu.o

.debug_str      0x00000000     0x2935
 .debug_str     0x00000000      0x605 ../arch/stm32/f3/src/stm32f3xx_hal_rcc.o
                                0x67f (size before relaxing)
 .debug_str     0x00000605      0xaae ../arch/stm32/f3/src/stm32f3xx_hal_tim_ex.o
                                0xd0f (size before relaxing)
 .debug_str     0x000010b3      0x571 ../arch/stm32/f3/src/stm32f3xx_hal_timebase_tim.o
                                0xc25 (size before relaxing)
 .debug_str     0x00001624      0x420 ../arch/stm32/f3/src/stm32f3xx_hal_cortex.o
                                0xb69 (size before relaxing)
 .debug_str     0x00001a44      0x23f ../arch/stm32/f3/src/stm32f3xx_hal_dma.o
                                0x649 (size before relaxing)
 .debug_str     0x00001c83       0x3b ../arch/stm32/f3/src/stm32f3xx_hal_msp.o
                                0x1e9 (size before relaxing)
 .debug_str     0x00001cbe      0x167 ../arch/stm32/f3/src/stm32f3xx_hal_gpio.o
                                0x462 (size before relaxing)
 .debug_str     0x00001e25      0x826 ../arch/stm32/f3/src/stm32f3xx_hal_tim.o
                               0x10f1 (size before relaxing)
 .debug_str     0x0000264b      0x161 ../arch/stm32/f3/src/stm32f3xx_hal.o
                                0x8dc (size before relaxing)
 .debug_str     0x000027ac       0x6e ../arch/stm32/f3/src/CMSIS/system_stm32f3xx.o
                                0x30e (size before relaxing)
 .debug_str     0x0000281a       0x5f test.o
                                0x20d (size before relaxing)
 .debug_str     0x00002879       0x2d user_source/foo.o
                                0x127 (size before relaxing)
 .debug_str     0x000028a6       0x4e user_source/hal_interface/board_led.o
                                0x35e (size before relaxing)
 .debug_str     0x000028f4       0x41 user_source/hal_interface/cpu.o
                                0x37e (size before relaxing)

.comment        0x00000000       0x6e
 .comment       0x00000000       0x6e ../arch/stm32/f3/src/stm32f3xx_hal_rcc.o
                                 0x6f (size before relaxing)
 .comment       0x0000006e       0x6f ../arch/stm32/f3/src/stm32f3xx_hal_tim_ex.o
 .comment       0x0000006e       0x6f ../arch/stm32/f3/src/stm32f3xx_hal_timebase_tim.o
 .comment       0x0000006e       0x6f ../arch/stm32/f3/src/stm32f3xx_hal_cortex.o
 .comment       0x0000006e       0x6f ../arch/stm32/f3/src/stm32f3xx_hal_dma.o
 .comment       0x0000006e       0x6f ../arch/stm32/f3/src/stm32f3xx_hal_msp.o
 .comment       0x0000006e       0x6f ../arch/stm32/f3/src/stm32f3xx_hal_gpio.o
 .comment       0x0000006e       0x6f ../arch/stm32/f3/src/stm32f3xx_hal_tim.o
 .comment       0x0000006e       0x6f ../arch/stm32/f3/src/stm32f3xx_hal.o
 .comment       0x0000006e       0x6f ../arch/stm32/f3/src/CMSIS/system_stm32f3xx.o
 .comment       0x0000006e       0x6f test.o
 .comment       0x0000006e       0x6f user_source/foo.o
 .comment       0x0000006e       0x6f user_source/hal_interface/board_led.o
 .comment       0x0000006e       0x6f user_source/hal_interface/cpu.o

.debug_frame    0x00000000     0x164c
 .debug_frame   0x00000000      0x168 ../arch/stm32/f3/src/stm32f3xx_hal_rcc.o
 .debug_frame   0x00000168      0x410 ../arch/stm32/f3/src/stm32f3xx_hal_tim_ex.o
 .debug_frame   0x00000578       0x74 ../arch/stm32/f3/src/stm32f3xx_hal_timebase_tim.o
 .debug_frame   0x000005ec      0x188 ../arch/stm32/f3/src/stm32f3xx_hal_cortex.o
 .debug_frame   0x00000774      0x18c ../arch/stm32/f3/src/stm32f3xx_hal_dma.o
 .debug_frame   0x00000900       0x50 ../arch/stm32/f3/src/stm32f3xx_hal_msp.o
 .debug_frame   0x00000950       0xf8 ../arch/stm32/f3/src/stm32f3xx_hal_gpio.o
 .debug_frame   0x00000a48      0x964 ../arch/stm32/f3/src/stm32f3xx_hal_tim.o
 .debug_frame   0x000013ac      0x168 ../arch/stm32/f3/src/stm32f3xx_hal.o
 .debug_frame   0x00001514       0x3c ../arch/stm32/f3/src/CMSIS/system_stm32f3xx.o
 .debug_frame   0x00001550       0x28 test.o
 .debug_frame   0x00001578       0x30 user_source/foo.o
 .debug_frame   0x000015a8       0x64 user_source/hal_interface/board_led.o
 .debug_frame   0x0000160c       0x40 user_source/hal_interface/cpu.o
