Archive member included to satisfy reference by file (symbol)

c:/users/ky935/gcc-arm-none-eabi-5_4-2016q3/bin/../lib/gcc/arm-none-eabi/5.4.1/../../../../arm-none-eabi/lib/armv7e-m/fpu\libc.a(lib_a-exit.o)
                              c:/users/ky935/gcc-arm-none-eabi-5_4-2016q3/bin/../lib/gcc/arm-none-eabi/5.4.1/../../../../arm-none-eabi/lib/armv7e-m/fpu/crt0.o (exit)
c:/users/ky935/gcc-arm-none-eabi-5_4-2016q3/bin/../lib/gcc/arm-none-eabi/5.4.1/../../../../arm-none-eabi/lib/armv7e-m/fpu\libc.a(lib_a-impure.o)
                              c:/users/ky935/gcc-arm-none-eabi-5_4-2016q3/bin/../lib/gcc/arm-none-eabi/5.4.1/../../../../arm-none-eabi/lib/armv7e-m/fpu\libc.a(lib_a-exit.o) (_global_impure_ptr)
c:/users/ky935/gcc-arm-none-eabi-5_4-2016q3/bin/../lib/gcc/arm-none-eabi/5.4.1/../../../../arm-none-eabi/lib/armv7e-m/fpu\libc.a(lib_a-init.o)
                              c:/users/ky935/gcc-arm-none-eabi-5_4-2016q3/bin/../lib/gcc/arm-none-eabi/5.4.1/../../../../arm-none-eabi/lib/armv7e-m/fpu/crt0.o (__libc_init_array)
c:/users/ky935/gcc-arm-none-eabi-5_4-2016q3/bin/../lib/gcc/arm-none-eabi/5.4.1/../../../../arm-none-eabi/lib/armv7e-m/fpu\libc.a(lib_a-memset.o)
                              c:/users/ky935/gcc-arm-none-eabi-5_4-2016q3/bin/../lib/gcc/arm-none-eabi/5.4.1/../../../../arm-none-eabi/lib/armv7e-m/fpu/crt0.o (memset)
c:/users/ky935/gcc-arm-none-eabi-5_4-2016q3/bin/../lib/gcc/arm-none-eabi/5.4.1/../../../../arm-none-eabi/lib/armv7e-m/fpu\libc.a(lib_a-__call_atexit.o)
                              c:/users/ky935/gcc-arm-none-eabi-5_4-2016q3/bin/../lib/gcc/arm-none-eabi/5.4.1/../../../../arm-none-eabi/lib/armv7e-m/fpu\libc.a(lib_a-exit.o) (__call_exitprocs)
c:/users/ky935/gcc-arm-none-eabi-5_4-2016q3/bin/../lib/gcc/arm-none-eabi/5.4.1/../../../../arm-none-eabi/lib/armv7e-m/fpu\libc.a(lib_a-atexit.o)
                              c:/users/ky935/gcc-arm-none-eabi-5_4-2016q3/bin/../lib/gcc/arm-none-eabi/5.4.1/../../../../arm-none-eabi/lib/armv7e-m/fpu\libc.a(lib_a-__call_atexit.o) (atexit)
c:/users/ky935/gcc-arm-none-eabi-5_4-2016q3/bin/../lib/gcc/arm-none-eabi/5.4.1/../../../../arm-none-eabi/lib/armv7e-m/fpu\libc.a(lib_a-fini.o)
                              c:/users/ky935/gcc-arm-none-eabi-5_4-2016q3/bin/../lib/gcc/arm-none-eabi/5.4.1/../../../../arm-none-eabi/lib/armv7e-m/fpu\libc.a(lib_a-__call_atexit.o) (__libc_fini_array)
c:/users/ky935/gcc-arm-none-eabi-5_4-2016q3/bin/../lib/gcc/arm-none-eabi/5.4.1/../../../../arm-none-eabi/lib/armv7e-m/fpu\libc.a(lib_a-__atexit.o)
                              c:/users/ky935/gcc-arm-none-eabi-5_4-2016q3/bin/../lib/gcc/arm-none-eabi/5.4.1/../../../../arm-none-eabi/lib/armv7e-m/fpu\libc.a(lib_a-atexit.o) (__register_exitproc)
c:/users/ky935/gcc-arm-none-eabi-5_4-2016q3/bin/../lib/gcc/arm-none-eabi/5.4.1/../../../../arm-none-eabi/lib/armv7e-m/fpu\libnosys.a(_exit.o)
                              c:/users/ky935/gcc-arm-none-eabi-5_4-2016q3/bin/../lib/gcc/arm-none-eabi/5.4.1/../../../../arm-none-eabi/lib/armv7e-m/fpu\libc.a(lib_a-exit.o) (_exit)

Allocating common symbols
Common symbol       size              file

uwTick              0x4               ../arch/stm32/f4/src/stm32f4xx_hal.o
pFlash              0x20              ../arch/stm32/f4/src/stm32f4xx_hal_flash.o
TimHandle           0x3c              ../arch/stm32/f4/src/stm32f4xx_hal_timebase_tim_template.o

Discarded input sections

 .text          0x00000000        0x0 c:/users/ky935/gcc-arm-none-eabi-5_4-2016q3/bin/../lib/gcc/arm-none-eabi/5.4.1/armv7e-m/fpu/crti.o
 .data          0x00000000        0x0 c:/users/ky935/gcc-arm-none-eabi-5_4-2016q3/bin/../lib/gcc/arm-none-eabi/5.4.1/armv7e-m/fpu/crti.o
 .bss           0x00000000        0x0 c:/users/ky935/gcc-arm-none-eabi-5_4-2016q3/bin/../lib/gcc/arm-none-eabi/5.4.1/armv7e-m/fpu/crti.o
 .data          0x00000000        0x4 c:/users/ky935/gcc-arm-none-eabi-5_4-2016q3/bin/../lib/gcc/arm-none-eabi/5.4.1/armv7e-m/fpu/crtbegin.o
 .text          0x00000000       0x74 c:/users/ky935/gcc-arm-none-eabi-5_4-2016q3/bin/../lib/gcc/arm-none-eabi/5.4.1/../../../../arm-none-eabi/lib/armv7e-m/fpu/crt0.o
 .data          0x00000000        0x0 c:/users/ky935/gcc-arm-none-eabi-5_4-2016q3/bin/../lib/gcc/arm-none-eabi/5.4.1/../../../../arm-none-eabi/lib/armv7e-m/fpu/crt0.o
 .bss           0x00000000        0x0 c:/users/ky935/gcc-arm-none-eabi-5_4-2016q3/bin/../lib/gcc/arm-none-eabi/5.4.1/../../../../arm-none-eabi/lib/armv7e-m/fpu/crt0.o
 .ARM.extab     0x00000000        0x0 c:/users/ky935/gcc-arm-none-eabi-5_4-2016q3/bin/../lib/gcc/arm-none-eabi/5.4.1/../../../../arm-none-eabi/lib/armv7e-m/fpu/crt0.o
 .ARM.exidx     0x00000000        0x8 c:/users/ky935/gcc-arm-none-eabi-5_4-2016q3/bin/../lib/gcc/arm-none-eabi/5.4.1/../../../../arm-none-eabi/lib/armv7e-m/fpu/crt0.o
 .ARM.attributes
                0x00000000       0x20 c:/users/ky935/gcc-arm-none-eabi-5_4-2016q3/bin/../lib/gcc/arm-none-eabi/5.4.1/../../../../arm-none-eabi/lib/armv7e-m/fpu/crt0.o
[...]
Memory Configuration

Name             Origin             Length             Attributes
FLASH            0x08000000         0x00040000         xr
RAM              0x20000000         0x0000a000         xrw
CCMRAM           0x10000000         0x00002000         rw
*default*        0x00000000         0xffffffff

Linker script and memory map

LOAD c:/users/ky935/gcc-arm-none-eabi-5_4-2016q3/bin/../lib/gcc/arm-none-eabi/5.4.1/armv7e-m/fpu/crti.o
LOAD c:/users/ky935/gcc-arm-none-eabi-5_4-2016q3/bin/../lib/gcc/arm-none-eabi/5.4.1/armv7e-m/fpu/crtbegin.o
LOAD c:/users/ky935/gcc-arm-none-eabi-5_4-2016q3/bin/../lib/gcc/arm-none-eabi/5.4.1/../../../../arm-none-eabi/lib/armv7e-m/fpu/crt0.o
                0x20009fff                _estack = 0x20009fff
                0x00000200                _Min_Heap_Size = 0x200
                0x00000400                _Min_Stack_Size = 0x400

.isr_vector     0x08000000      0x188
                0x08000000                . = ALIGN (0x4)
 *(.isr_vector)
 .isr_vector    0x08000000      0x188 ../arch/stm32/f4/src/CMSIS/startup_stm32f407xx.o
                0x08000000                g_pfnVectors
                0x08000188                . = ALIGN (0x4)

.text           0x08000188     0x43fc
                0x08000188                . = ALIGN (0x4)
 *(.text)
 .text          0x08000188       0x5c c:/users/ky935/gcc-arm-none-eabi-5_4-2016q3/bin/../lib/gcc/arm-none-eabi/5.4.1/armv7e-m/fpu/crtbegin.o
 .text          0x080001e4      0x7e4 ../arch/stm32/f4/src/stm32f4xx_hal_rcc.o
                0x080001e8                HAL_RCC_OscConfig
                0x0800056c                HAL_RCC_MCOConfig
                0x08000610                HAL_RCC_EnableCSS
                0x0800061c                HAL_RCC_DisableCSS
                0x08000628                HAL_RCC_GetSysClockFreq
                0x080006a4                HAL_RCC_ClockConfig
                0x08000810                HAL_RCC_GetHCLKFreq
                0x0800081c                HAL_RCC_GetPCLK1Freq
                0x0800084c                HAL_RCC_GetPCLK2Freq
                0x0800087c                HAL_RCC_GetOscConfig
                0x08000960                HAL_RCC_GetClockConfig
                0x080009a4                HAL_RCC_CSSCallback
                0x080009a8                HAL_RCC_NMI_IRQHandler
 .text          0x080009c8      0x834 ../arch/stm32/f4/src/stm32f4xx_hal_tim_ex.o
                0x080009c8                HAL_TIMEx_HallSensor_MspInit
                0x080009cc                HAL_TIMEx_HallSensor_Init
                0x08000a6c                HAL_TIMEx_HallSensor_MspDeInit
                0x08000a70                HAL_TIMEx_HallSensor_DeInit
                0x08000aac                HAL_TIMEx_HallSensor_Start
                0x08000ac8                HAL_TIMEx_HallSensor_Stop
                0x08000af8                HAL_TIMEx_HallSensor_Start_IT
                0x08000b1c                HAL_TIMEx_HallSensor_Stop_IT
                0x08000b54                HAL_TIMEx_HallSensor_Start_DMA
                0x08000bc0                HAL_TIMEx_HallSensor_Stop_DMA
                0x08000bf8                HAL_TIMEx_PWMN_Start
                0x08000c24                HAL_TIMEx_OCN_Start
                0x08000c28                HAL_TIMEx_PWMN_Start_IT
                0x08000ca0                HAL_TIMEx_OCN_Start_IT
                0x08000ca4                HAL_TIMEx_PWMN_Stop_IT
                0x08000d4c                HAL_TIMEx_OCN_Stop_IT
                0x08000d50                HAL_TIMEx_PWMN_Start_DMA
                0x08000e50                HAL_TIMEx_OCN_Start_DMA
                0x08000e54                HAL_TIMEx_PWMN_Stop_DMA
                0x08000ef8                HAL_TIMEx_OCN_Stop_DMA
                0x08000efc                HAL_TIMEx_OnePulseN_Start
                0x08000f20                HAL_TIMEx_OnePulseN_Stop
                0x08000f74                HAL_TIMEx_PWMN_Stop
                0x08000f78                HAL_TIMEx_OCN_Stop
                0x08000f7c                HAL_TIMEx_OnePulseN_Start_IT
                0x08000fb0                HAL_TIMEx_OnePulseN_Stop_IT
                0x08001014                HAL_TIMEx_ConfigCommutationEvent
                0x08001064                HAL_TIMEx_ConfigCommutationEvent_IT
                0x080010bc                HAL_TIMEx_ConfigCommutationEvent_DMA
                0x08001124                HAL_TIMEx_MasterConfigSynchronization
                0x0800116c                HAL_TIMEx_ConfigBreakDeadTime
                0x080011b4                HAL_TIMEx_RemapConfig
                0x080011dc                HAL_TIMEx_CommutationCallback
                0x080011e0                TIMEx_DMACommutationCplt
                0x080011f0                HAL_TIMEx_BreakCallback
                0x080011f4                HAL_TIMEx_HallSensor_GetState
 .text          0x080011fc      0x6fc ../arch/stm32/f4/src/stm32f4xx_hal_dma.o
                0x080011fc                HAL_DMA_Init
                0x08001328                HAL_DMA_DeInit
                0x0800139c                HAL_DMA_Start
                0x080013f8                HAL_DMA_Start_IT
                0x0800147c                HAL_DMA_Abort
                0x0800150c                HAL_DMA_Abort_IT
                0x08001530                HAL_DMA_PollForTransfer
                0x08001670                HAL_DMA_IRQHandler
                0x08001818                HAL_DMA_RegisterCallback
                0x0800187c                HAL_DMA_UnRegisterCallback
                0x080018ec                HAL_DMA_GetState
                0x080018f4                HAL_DMA_GetError
 .text          0x080018f8      0x3b4 ../arch/stm32/f4/src/stm32f4xx_hal_gpio.o
                0x080018f8                HAL_GPIO_Init
                0x08001af4                HAL_GPIO_DeInit
                0x08001c48                HAL_GPIO_ReadPin
                0x08001c54                HAL_GPIO_WritePin
                0x08001c5c                HAL_GPIO_TogglePin
                0x08001c64                HAL_GPIO_LockPin
                0x08001c90                HAL_GPIO_EXTI_Callback
                0x08001c94                HAL_GPIO_EXTI_IRQHandler
 .text          0x08001cac      0x278 ../arch/stm32/f4/src/stm32f4xx_hal_cortex.o
                0x08001cac                HAL_NVIC_SetPriorityGrouping
                0x08001cd0                HAL_NVIC_SetPriority
                0x08001d40                HAL_NVIC_EnableIRQ
                0x08001d58                HAL_NVIC_DisableIRQ
                0x08001d74                HAL_NVIC_SystemReset
                0x08001d98                HAL_SYSTICK_Config
                0x08001dcc                HAL_MPU_ConfigRegion
                0x08001e20                HAL_NVIC_GetPriorityGrouping
                0x08001e30                HAL_NVIC_GetPriority
                0x08001e90                HAL_NVIC_SetPendingIRQ
                0x08001eac                HAL_NVIC_GetPendingIRQ
                0x08001ec8                HAL_NVIC_ClearPendingIRQ
                0x08001ee4                HAL_NVIC_GetActive
                0x08001f00                HAL_SYSTICK_CLKSourceConfig
                0x08001f18                HAL_SYSTICK_Callback
                0x08001f1c                HAL_SYSTICK_IRQHandler
 .text          0x08001f24     0x1fac ../arch/stm32/f4/src/stm32f4xx_hal_tim.o
                0x080020ec                HAL_TIM_Base_MspInit
                0x080020f0                HAL_TIM_Base_MspDeInit
                0x080020f4                HAL_TIM_Base_DeInit
                0x08002130                HAL_TIM_Base_Start
                0x08002150                HAL_TIM_Base_Stop
                0x08002180                HAL_TIM_Base_Start_IT
                0x08002198                HAL_TIM_Base_Stop_IT
                0x080021c4                HAL_TIM_Base_Start_DMA
                0x08002220                HAL_TIM_Base_Stop_DMA
                0x08002250                HAL_TIM_OC_MspInit
                0x08002254                HAL_TIM_OC_MspDeInit
                0x08002258                HAL_TIM_OC_DeInit
                0x08002294                HAL_TIM_OC_Stop
                0x08002304                HAL_TIM_PWM_MspInit
                0x08002308                HAL_TIM_PWM_MspDeInit
                0x0800230c                HAL_TIM_PWM_DeInit
                0x08002348                HAL_TIM_PWM_Start
                0x08002390                HAL_TIM_OC_Start
                0x08002394                HAL_TIM_PWM_Stop
                0x08002408                HAL_TIM_PWM_Start_IT
                0x08002498                HAL_TIM_OC_Start_IT
                0x0800249c                HAL_TIM_PWM_Stop_IT
                0x08002554                HAL_TIM_OC_Stop_IT
                0x08002558                HAL_TIM_PWM_Start_DMA
                0x08002670                HAL_TIM_OC_Start_DMA
                0x08002674                HAL_TIM_PWM_Stop_DMA
                0x08002730                HAL_TIM_OC_Stop_DMA
                0x08002734                HAL_TIM_IC_MspInit
                0x08002738                HAL_TIM_IC_MspDeInit
                0x0800273c                HAL_TIM_IC_DeInit
                0x08002778                HAL_TIM_IC_Start
                0x0800279c                HAL_TIM_IC_Stop
                0x080027d0                HAL_TIM_IC_Start_IT
                0x08002838                HAL_TIM_IC_Stop_IT
                0x080028b4                HAL_TIM_IC_Start_DMA
                0x08002998                HAL_TIM_IC_Stop_DMA
                0x08002a20                HAL_TIM_OnePulse_MspInit
                0x08002a24                HAL_TIM_OnePulse_MspDeInit
                0x08002a28                HAL_TIM_OnePulse_DeInit
                0x08002a64                HAL_TIM_OnePulse_Start
                0x08002aac                HAL_TIM_OnePulse_Stop
                0x08002b1c                HAL_TIM_OnePulse_Start_IT
                0x08002b74                HAL_TIM_OnePulse_Stop_IT
                0x08002bf4                HAL_TIM_Encoder_MspInit
                0x08002bf8                HAL_TIM_Encoder_MspDeInit
                0x08002bfc                HAL_TIM_Encoder_DeInit
                0x08002c38                HAL_TIM_Encoder_Start
                0x08002c84                HAL_TIM_Encoder_Stop
                0x08002cd8                HAL_TIM_Encoder_Start_IT
                0x08002d58                HAL_TIM_Encoder_Stop_IT
                0x08002dd8                HAL_TIM_Encoder_Start_DMA
                0x08002f20                HAL_TIM_Encoder_Stop_DMA
                0x08002fa0                HAL_TIM_DMABurst_WriteStart
                0x08003084                HAL_TIM_DMABurst_ReadStart
                0x08003168                HAL_TIM_DMABurst_ReadStop
                0x080031e0                HAL_TIM_DMABurst_WriteStop
                0x080031e4                HAL_TIM_GenerateEvent
                0x08003210                HAL_TIM_ConfigOCrefClear
                0x080032dc                HAL_TIM_ConfigClockSource
                0x0800345c                HAL_TIM_ConfigTI1Input
                0x0800346c                HAL_TIM_SlaveConfigSynchronization
                0x080034ac                HAL_TIM_SlaveConfigSynchronization_IT
                0x080034ec                HAL_TIM_ReadCapturedValue
                0x08003560                HAL_TIM_OC_DelayElapsedCallback
                0x08003564                HAL_TIM_IC_CaptureCallback
                0x08003568                TIM_DMACaptureCplt
                0x080035b4                HAL_TIM_PWM_PulseFinishedCallback
                0x080035b8                TIM_DMADelayPulseCplt
                0x08003604                HAL_TIM_TriggerCallback
                0x08003608                HAL_TIM_IRQHandler
                0x0800376c                HAL_TIM_ErrorCallback
                0x08003770                TIM_DMAError
                0x08003780                HAL_TIM_Base_GetState
                0x08003788                HAL_TIM_OC_GetState
                0x08003790                HAL_TIM_PWM_GetState
                0x08003798                HAL_TIM_IC_GetState
                0x080037a0                HAL_TIM_OnePulse_GetState
                0x080037a8                HAL_TIM_Encoder_GetState
                0x080037b0                TIM_Base_SetConfig
                0x08003894                HAL_TIM_Base_Init
                0x080038cc                HAL_TIM_OC_Init
                0x08003904                HAL_TIM_PWM_Init
                0x0800393c                HAL_TIM_IC_Init
                0x08003974                HAL_TIM_OnePulse_Init
                0x080039bc                HAL_TIM_Encoder_Init
                0x08003a64                TIM_TI1_SetConfig
                0x08003ae0                HAL_TIM_IC_ConfigChannel
                0x08003c18                TIM_OC2_SetConfig
                0x08003c80                HAL_TIM_OC_ConfigChannel
                0x08003ce0                HAL_TIM_PWM_ConfigChannel
                0x08003db4                HAL_TIM_OnePulse_ConfigChannel
                0x08003eb0                TIM_CCxChannelCmd
 .text          0x08003ed0       0x10 ../arch/stm32/f4/src/stm32f4xx_hal_msp_template.o
                0x08003ed0                HAL_MspInit
                0x08003ed4                HAL_MspDeInit
                0x08003ed8                HAL_PPP_MspInit
                0x08003edc                HAL_PPP_MspDeInit
 .text          0x08003ee0       0xc4 ../arch/stm32/f4/src/stm32f4xx_hal_timebase_tim_template.o
                0x08003ee0                HAL_InitTick
                0x08003f6c                HAL_SuspendTick
                0x08003f80                HAL_ResumeTick
                0x08003f94                HAL_TIM_PeriodElapsedCallback
                0x08003f98                TIM6_DAC_IRQHandler
 .text          0x08003fa4      0x1a4 ../arch/stm32/f4/src/stm32f4xx_hal.o
                0x08003fac                HAL_DeInit
                0x08004004                HAL_Init
                0x08004038                HAL_IncTick
                0x08004048                HAL_GetTick
                0x08004054                HAL_Delay
                0x08004090                HAL_GetHalVersion
                0x08004098                HAL_GetREVID
                0x080040a4                HAL_GetDEVID
                0x080040b4                HAL_DBGMCU_EnableDBGSleepMode
                0x080040c4                HAL_DBGMCU_DisableDBGSleepMode
                0x080040d4                HAL_DBGMCU_EnableDBGStopMode
                0x080040e4                HAL_DBGMCU_DisableDBGStopMode
                0x080040f4                HAL_DBGMCU_EnableDBGStandbyMode
                0x08004104                HAL_DBGMCU_DisableDBGStandbyMode
                0x08004114                HAL_EnableCompensationCell
                0x0800412c                HAL_DisableCompensationCell
 .text          0x08004148       0xc8 ../arch/stm32/f4/src/CMSIS/system_stm32f4xx.o
                0x08004148                SystemInit
                0x08004198                SystemCoreClockUpdate
 .text          0x08004210       0x10 user_source/foo.o
                0x08004210                foo
                0x08004214                TEST_FOO
 .text          0x08004220       0xb0 user_source/hal_interface/board_led.o
                0x08004220                board_led_init
                0x08004268                board_led_on
                0x0800428c                board_led_off
                0x080042b0                board_led_toggle
 .text          0x080042d0       0xc8 user_source/hal_interface/cpu.o
                0x080042d0                cpu_init
                0x08004380                cpu_sw_delay
 *(.text*)
 .text.__libc_init_array
                0x08004398       0x50 c:/users/ky935/gcc-arm-none-eabi-5_4-2016q3/bin/../lib/gcc/arm-none-eabi/5.4.1/../../../../arm-none-eabi/lib/armv7e-m/fpu\libc.a(lib_a-init.o)
                0x08004398                __libc_init_array
 .text.startup.register_fini
                0x080043e8       0x14 c:/users/ky935/gcc-arm-none-eabi-5_4-2016q3/bin/../lib/gcc/arm-none-eabi/5.4.1/../../../../arm-none-eabi/lib/armv7e-m/fpu\libc.a(lib_a-__call_atexit.o)
 .text.atexit   0x080043fc        0xc c:/users/ky935/gcc-arm-none-eabi-5_4-2016q3/bin/../lib/gcc/arm-none-eabi/5.4.1/../../../../arm-none-eabi/lib/armv7e-m/fpu\libc.a(lib_a-atexit.o)
                0x080043fc                atexit
 .text.__libc_fini_array
                0x08004408       0x28 c:/users/ky935/gcc-arm-none-eabi-5_4-2016q3/bin/../lib/gcc/arm-none-eabi/5.4.1/../../../../arm-none-eabi/lib/armv7e-m/fpu\libc.a(lib_a-fini.o)
                0x08004408                __libc_fini_array
 .text.__register_exitproc
                0x08004430       0xa4 c:/users/ky935/gcc-arm-none-eabi-5_4-2016q3/bin/../lib/gcc/arm-none-eabi/5.4.1/../../../../arm-none-eabi/lib/armv7e-m/fpu\libc.a(lib_a-__atexit.o)
                0x08004430                __register_exitproc
 .text.Reset_Handler
                0x080044d4       0x50 ../arch/stm32/f4/src/CMSIS/startup_stm32f407xx.o
                0x080044d4                Reset_Handler
 .text.Default_Handler
                0x08004524        0x2 ../arch/stm32/f4/src/CMSIS/startup_stm32f407xx.o
                0x08004524                RTC_Alarm_IRQHandler
                0x08004524                HASH_RNG_IRQHandler
                0x08004524                EXTI2_IRQHandler
                0x08004524                TIM8_CC_IRQHandler
                0x08004524                DebugMon_Handler
                0x08004524                TIM1_CC_IRQHandler
                0x08004524                DMA2_Stream5_IRQHandler
                0x08004524                HardFault_Handler
                0x08004524                DMA1_Stream5_IRQHandler
                0x08004524                SysTick_Handler
                0x08004524                PVD_IRQHandler
                0x08004524                SDIO_IRQHandler
                0x08004524                TAMP_STAMP_IRQHandler
                0x08004524                PendSV_Handler
                0x08004524                NMI_Handler
                0x08004524                CAN2_RX1_IRQHandler
                0x08004524                EXTI3_IRQHandler
                0x08004524                TIM8_TRG_COM_TIM14_IRQHandler
                0x08004524                TIM1_UP_TIM10_IRQHandler
                0x08004524                TIM8_UP_TIM13_IRQHandler
                0x08004524                I2C3_ER_IRQHandler
                0x08004524                EXTI0_IRQHandler
                0x08004524                I2C2_EV_IRQHandler
                0x08004524                DMA1_Stream2_IRQHandler
                0x08004524                CAN1_RX0_IRQHandler
                0x08004524                FPU_IRQHandler
                0x08004524                OTG_HS_WKUP_IRQHandler
                0x08004524                UsageFault_Handler
                0x08004524                CAN2_SCE_IRQHandler
                0x08004524                DMA2_Stream2_IRQHandler
                0x08004524                SPI1_IRQHandler
                0x08004524                TIM1_BRK_TIM9_IRQHandler
                0x08004524                DCMI_IRQHandler
                0x08004524                CAN2_RX0_IRQHandler
                0x08004524                DMA2_Stream3_IRQHandler
                0x08004524                USART6_IRQHandler
                0x08004524                USART3_IRQHandler
                0x08004524                CAN1_RX1_IRQHandler
                0x08004524                UART5_IRQHandler
                0x08004524                DMA2_Stream0_IRQHandler
                0x08004524                TIM4_IRQHandler
                0x08004524                I2C1_EV_IRQHandler
                0x08004524                DMA1_Stream6_IRQHandler
                0x08004524                DMA1_Stream1_IRQHandler
                0x08004524                UART4_IRQHandler
                0x08004524                TIM3_IRQHandler
                0x08004524                RCC_IRQHandler
                0x08004524                TIM8_BRK_TIM12_IRQHandler
                0x08004524                Default_Handler
                0x08004524                EXTI15_10_IRQHandler
                0x08004524                ADC_IRQHandler
                0x08004524                DMA1_Stream7_IRQHandler
                0x08004524                TIM7_IRQHandler
                0x08004524                CAN2_TX_IRQHandler
                0x08004524                TIM5_IRQHandler
                0x08004524                DMA2_Stream7_IRQHandler
                0x08004524                I2C3_EV_IRQHandler
                0x08004524                EXTI9_5_IRQHandler
                0x08004524                RTC_WKUP_IRQHandler
                0x08004524                ETH_WKUP_IRQHandler
                0x08004524                SPI2_IRQHandler
                0x08004524                OTG_HS_EP1_IN_IRQHandler
                0x08004524                MemManage_Handler
                0x08004524                DMA1_Stream0_IRQHandler
                0x08004524                CAN1_TX_IRQHandler
                0x08004524                SVC_Handler
                0x08004524                EXTI4_IRQHandler
                0x08004524                FSMC_IRQHandler
                0x08004524                ETH_IRQHandler
                0x08004524                OTG_HS_EP1_OUT_IRQHandler
                0x08004524                WWDG_IRQHandler
                0x08004524                TIM2_IRQHandler
                0x08004524                OTG_FS_WKUP_IRQHandler
                0x08004524                TIM1_TRG_COM_TIM11_IRQHandler
                0x08004524                OTG_HS_IRQHandler
                0x08004524                EXTI1_IRQHandler
                0x08004524                USART2_IRQHandler
                0x08004524                I2C2_ER_IRQHandler
                0x08004524                DMA2_Stream1_IRQHandler
                0x08004524                CAN1_SCE_IRQHandler
                0x08004524                FLASH_IRQHandler
                0x08004524                DMA2_Stream4_IRQHandler
                0x08004524                BusFault_Handler
                0x08004524                USART1_IRQHandler
                0x08004524                OTG_FS_IRQHandler
                0x08004524                SPI3_IRQHandler
                0x08004524                DMA1_Stream4_IRQHandler
                0x08004524                I2C1_ER_IRQHandler
                0x08004524                DMA2_Stream6_IRQHandler
                0x08004524                DMA1_Stream3_IRQHandler
 *fill*         0x08004526        0x2 
 .text.startup  0x08004528       0x44 test1.o
                0x08004528                main
 *(.glue_7)
 .glue_7        0x0800456c        0x0 linker stubs
 *(.glue_7t)
 .glue_7t       0x0800456c        0x0 linker stubs
 *(.eh_frame)
 .eh_frame      0x0800456c        0x0 c:/users/ky935/gcc-arm-none-eabi-5_4-2016q3/bin/../lib/gcc/arm-none-eabi/5.4.1/armv7e-m/fpu/crtbegin.o
 *(.init)
 .init          0x0800456c        0x4 c:/users/ky935/gcc-arm-none-eabi-5_4-2016q3/bin/../lib/gcc/arm-none-eabi/5.4.1/armv7e-m/fpu/crti.o
                0x0800456c                _init
 .init          0x08004570        0x8 c:/users/ky935/gcc-arm-none-eabi-5_4-2016q3/bin/../lib/gcc/arm-none-eabi/5.4.1/armv7e-m/fpu/crtn.o
 *(.fini)
 .fini          0x08004578        0x4 c:/users/ky935/gcc-arm-none-eabi-5_4-2016q3/bin/../lib/gcc/arm-none-eabi/5.4.1/armv7e-m/fpu/crti.o
                0x08004578                _fini
 .fini          0x0800457c        0x8 c:/users/ky935/gcc-arm-none-eabi-5_4-2016q3/bin/../lib/gcc/arm-none-eabi/5.4.1/armv7e-m/fpu/crtn.o
                0x08004584                . = ALIGN (0x4)
                0x08004584                _etext = .

.vfp11_veneer   0x08004584        0x0
 .vfp11_veneer  0x08004584        0x0 linker stubs

.v4_bx          0x08004584        0x0
 .v4_bx         0x08004584        0x0 linker stubs

.iplt           0x08004584        0x0
 .iplt          0x08004584        0x0 c:/users/ky935/gcc-arm-none-eabi-5_4-2016q3/bin/../lib/gcc/arm-none-eabi/5.4.1/armv7e-m/fpu/crtbegin.o

.rodata         0x08004584       0x34
                0x08004584                . = ALIGN (0x4)
 *(.rodata)
 .rodata        0x08004584       0x10 ../arch/stm32/f4/src/stm32f4xx_hal_rcc.o
                0x08004584                APBAHBPrescTable
 .rodata        0x08004594        0x8 ../arch/stm32/f4/src/stm32f4xx_hal_dma.o
 .rodata        0x0800459c       0x18 ../arch/stm32/f4/src/CMSIS/system_stm32f4xx.o
                0x0800459c                AHBPrescTable
                0x080045ac                APBPrescTable
 *(.rodata*)
 .rodata._global_impure_ptr
                0x080045b4        0x4 c:/users/ky935/gcc-arm-none-eabi-5_4-2016q3/bin/../lib/gcc/arm-none-eabi/5.4.1/../../../../arm-none-eabi/lib/armv7e-m/fpu\libc.a(lib_a-impure.o)
                0x080045b4                _global_impure_ptr
                0x080045b8                . = ALIGN (0x4)

.rel.dyn        0x080045b8        0x0
 .rel.iplt      0x080045b8        0x0 c:/users/ky935/gcc-arm-none-eabi-5_4-2016q3/bin/../lib/gcc/arm-none-eabi/5.4.1/armv7e-m/fpu/crtbegin.o

.ARM.extab
 *(.ARM.extab* .gnu.linkonce.armextab.*)

.ARM            0x080045b8        0x0
                0x080045b8                __exidx_start = .
 *(.ARM.exidx*)
                0x080045b8                __exidx_end = .

.preinit_array  0x080045b8        0x0
                0x080045b8                PROVIDE (__preinit_array_start, .)
 *(.preinit_array*)
                0x080045b8                PROVIDE (__preinit_array_end, .)

.init_array     0x080045b8        0x8
                0x080045b8                PROVIDE (__init_array_start, .)
 *(SORT(.init_array.*))
 .init_array.00000
                0x080045b8        0x4 c:/users/ky935/gcc-arm-none-eabi-5_4-2016q3/bin/../lib/gcc/arm-none-eabi/5.4.1/../../../../arm-none-eabi/lib/armv7e-m/fpu\libc.a(lib_a-__call_atexit.o)
 *(.init_array*)
 .init_array    0x080045bc        0x4 c:/users/ky935/gcc-arm-none-eabi-5_4-2016q3/bin/../lib/gcc/arm-none-eabi/5.4.1/armv7e-m/fpu/crtbegin.o
                0x080045c0                PROVIDE (__init_array_end, .)

.fini_array     0x080045c0        0x4
                0x080045c0                PROVIDE (__fini_array_start, .)
 *(SORT(.fini_array.*))
 *(.fini_array*)
 .fini_array    0x080045c0        0x4 c:/users/ky935/gcc-arm-none-eabi-5_4-2016q3/bin/../lib/gcc/arm-none-eabi/5.4.1/armv7e-m/fpu/crtbegin.o
                0x080045c4                PROVIDE (__fini_array_end, .)
                0x080045c4                _sidata = LOADADDR (.data)

.data           0x20000000      0x430 load address 0x080045c4
                0x20000000                . = ALIGN (0x4)
                0x20000000                _sdata = .
 *(.data)
 .data          0x20000000        0x4 ../arch/stm32/f4/src/CMSIS/system_stm32f4xx.o
                0x20000000                SystemCoreClock
 *(.data*)
 *fill*         0x20000004        0x4 
 .data.impure_data
                0x20000008      0x428 c:/users/ky935/gcc-arm-none-eabi-5_4-2016q3/bin/../lib/gcc/arm-none-eabi/5.4.1/../../../../arm-none-eabi/lib/armv7e-m/fpu\libc.a(lib_a-impure.o)
                0x20000430                . = ALIGN (0x4)
                0x20000430                _edata = .
                0x080049f4                _siccmram = LOADADDR (.ccmram)

.jcr            0x20000430        0x0 load address 0x080049f4
 .jcr           0x20000430        0x0 c:/users/ky935/gcc-arm-none-eabi-5_4-2016q3/bin/../lib/gcc/arm-none-eabi/5.4.1/armv7e-m/fpu/crtbegin.o

.igot.plt       0x20000430        0x0 load address 0x080049f4
 .igot.plt      0x20000430        0x0 c:/users/ky935/gcc-arm-none-eabi-5_4-2016q3/bin/../lib/gcc/arm-none-eabi/5.4.1/armv7e-m/fpu/crtbegin.o

.ccmram         0x10000000        0x0 load address 0x080049f4
                0x10000000                . = ALIGN (0x4)
                0x10000000                _sccmram = .
 *(.ccmram)
 *(.ccmram*)
                0x10000000                . = ALIGN (0x4)
                0x10000000                _eccmram = .
                0x10000000                . = ALIGN (0x4)

.bss            0x20000430       0x70
                0x20000430                _sbss = .
                0x20000430                __bss_start__ = _sbss
 *(.bss)
 .bss           0x20000430       0x1c c:/users/ky935/gcc-arm-none-eabi-5_4-2016q3/bin/../lib/gcc/arm-none-eabi/5.4.1/armv7e-m/fpu/crtbegin.o
 .bss           0x2000044c       0x14 user_source/hal_interface/board_led.o
 *(.bss*)
 *(COMMON)
 COMMON         0x20000460       0x3c ../arch/stm32/f4/src/stm32f4xx_hal_timebase_tim_template.o
                0x20000460                TimHandle
 COMMON         0x2000049c        0x4 ../arch/stm32/f4/src/stm32f4xx_hal.o
                0x2000049c                uwTick
                0x200004a0                . = ALIGN (0x4)
                0x200004a0                _ebss = .
                0x200004a0                __bss_end__ = _ebss

._user_heap_stack
                0x200004a0      0x600
                0x200004a0                . = ALIGN (0x4)
                [!provide]                PROVIDE (end, .)
                [!provide]                PROVIDE (_end, .)
                0x200006a0                . = (. + _Min_Heap_Size)
 *fill*         0x200004a0      0x200 
                0x20000aa0                . = (. + _Min_Stack_Size)
 *fill*         0x200006a0      0x400 
                0x20000aa0                . = ALIGN (0x4)

/DISCARD/
 libc.a(*)
 libm.a(*)
 libgcc.a(*)

.ARM.attributes
                0x00000000       0x30
 *(.ARM.attributes)
 .ARM.attributes
                0x00000000       0x22 c:/users/ky935/gcc-arm-none-eabi-5_4-2016q3/bin/../lib/gcc/arm-none-eabi/5.4.1/armv7e-m/fpu/crti.o
 .ARM.attributes
                0x00000022       0x34 c:/users/ky935/gcc-arm-none-eabi-5_4-2016q3/bin/../lib/gcc/arm-none-eabi/5.4.1/armv7e-m/fpu/crtbegin.o
 .ARM.attributes
                0x00000056       0x39 ../arch/stm32/f4/src/stm32f4xx_hal_rcc.o
 .ARM.attributes
                0x0000008f       0x39 ../arch/stm32/f4/src/stm32f4xx_hal_tim_ex.o
 .ARM.attributes
                0x000000c8       0x39 ../arch/stm32/f4/src/stm32f4xx_hal_dma.o
 .ARM.attributes
                0x00000101       0x39 ../arch/stm32/f4/src/stm32f4xx_hal_gpio.o
 .ARM.attributes
                0x0000013a       0x39 ../arch/stm32/f4/src/stm32f4xx_hal_cortex.o
 .ARM.attributes
                0x00000173       0x39 ../arch/stm32/f4/src/stm32f4xx_hal_tim.o
 .ARM.attributes
                0x000001ac       0x39 ../arch/stm32/f4/src/stm32f4xx_hal_msp_template.o
 .ARM.attributes
                0x000001e5       0x39 ../arch/stm32/f4/src/stm32f4xx_hal_timebase_tim_template.o
 .ARM.attributes
                0x0000021e       0x39 ../arch/stm32/f4/src/stm32f4xx_hal.o
 .ARM.attributes
                0x00000257       0x39 ../arch/stm32/f4/src/CMSIS/system_stm32f4xx.o
 .ARM.attributes
                0x00000290       0x21 ../arch/stm32/f4/src/CMSIS/startup_stm32f407xx.o
 .ARM.attributes
                0x000002b1       0x39 test1.o
 .ARM.attributes
                0x000002ea       0x39 user_source/foo.o
 .ARM.attributes
                0x00000323       0x39 user_source/hal_interface/board_led.o
 .ARM.attributes
                0x0000035c       0x39 user_source/hal_interface/cpu.o
 .ARM.attributes
                0x00000395       0x22 c:/users/ky935/gcc-arm-none-eabi-5_4-2016q3/bin/../lib/gcc/arm-none-eabi/5.4.1/armv7e-m/fpu/crtn.o
LOAD ../arch/stm32/f4/src/stm32f4xx_hal_rcc.o
LOAD ../arch/stm32/f4/src/stm32f4xx_hal_sd.o
LOAD ../arch/stm32/f4/src/stm32f4xx_hal_eth.o
LOAD ../arch/stm32/f4/src/stm32f4xx_hal_pwr.o
LOAD ../arch/stm32/f4/src/stm32f4xx_hal_rtc.o
LOAD ../arch/stm32/f4/src/stm32f4xx_hal_fmpi2c_ex.o
LOAD ../arch/stm32/f4/src/stm32f4xx_hal_spdifrx.o
LOAD ../arch/stm32/f4/src/stm32f4xx_hal_i2s_ex.o
LOAD ../arch/stm32/f4/src/stm32f4xx_hal_pccard.o
LOAD ../arch/stm32/f4/src/stm32f4xx_hal_hcd.o
LOAD ../arch/stm32/f4/src/stm32f4xx_hal_i2s.o
LOAD ../arch/stm32/f4/src/stm32f4xx_hal_flash_ramfunc.o
LOAD ../arch/stm32/f4/src/stm32f4xx_hal_rng.o
LOAD ../arch/stm32/f4/src/stm32f4xx_ll_fsmc.o
LOAD ../arch/stm32/f4/src/stm32f4xx_hal_sdram.o
LOAD ../arch/stm32/f4/src/stm32f4xx_hal_flash.o
LOAD ../arch/stm32/f4/src/stm32f4xx_hal_dac_ex.o
LOAD ../arch/stm32/f4/src/stm32f4xx_hal_ltdc_ex.o
LOAD ../arch/stm32/f4/src/stm32f4xx_hal_hash_ex.o
LOAD ../arch/stm32/f4/src/stm32f4xx_hal_qspi.o
LOAD ../arch/stm32/f4/src/stm32f4xx_hal_sai_ex.o
LOAD ../arch/stm32/f4/src/stm32f4xx_hal_crc.o
LOAD ../arch/stm32/f4/src/stm32f4xx_hal_dac.o
LOAD ../arch/stm32/f4/src/stm32f4xx_hal_tim_ex.o
LOAD ../arch/stm32/f4/src/stm32f4xx_hal_usart.o
LOAD ../arch/stm32/f4/src/stm32f4xx_hal_dma.o
LOAD ../arch/stm32/f4/src/stm32f4xx_hal_dma2d.o
LOAD ../arch/stm32/f4/src/stm32f4xx_hal_smartcard.o
LOAD ../arch/stm32/f4/src/stm32f4xx_hal_pcd_ex.o
LOAD ../arch/stm32/f4/src/stm32f4xx_hal_gpio.o
LOAD ../arch/stm32/f4/src/stm32f4xx_hal_nand.o
LOAD ../arch/stm32/f4/src/stm32f4xx_hal_cryp.o
LOAD ../arch/stm32/f4/src/stm32f4xx_hal_adc_ex.o
LOAD ../arch/stm32/f4/src/stm32f4xx_hal_rcc_ex.o
LOAD ../arch/stm32/f4/src/stm32f4xx_hal_dcmi.o
LOAD ../arch/stm32/f4/src/stm32f4xx_hal_pwr_ex.o
LOAD ../arch/stm32/f4/src/stm32f4xx_hal_ltdc.o
LOAD ../arch/stm32/f4/src/stm32f4xx_hal_wwdg.o
LOAD ../arch/stm32/f4/src/stm32f4xx_hal_i2c.o
LOAD ../arch/stm32/f4/src/stm32f4xx_hal_dfsdm.o
LOAD ../arch/stm32/f4/src/stm32f4xx_hal_cortex.o
LOAD ../arch/stm32/f4/src/stm32f4xx_ll_fmc.o
LOAD ../arch/stm32/f4/src/stm32f4xx_hal_fmpi2c.o
LOAD ../arch/stm32/f4/src/stm32f4xx_hal_tim.o
LOAD ../arch/stm32/f4/src/stm32f4xx_hal_spi.o
LOAD ../arch/stm32/f4/src/stm32f4xx_hal_lptim.o
LOAD ../arch/stm32/f4/src/stm32f4xx_hal_uart.o
LOAD ../arch/stm32/f4/src/stm32f4xx_hal_flash_ex.o
LOAD ../arch/stm32/f4/src/stm32f4xx_hal_msp_template.o
LOAD ../arch/stm32/f4/src/stm32f4xx_ll_usb.o
LOAD ../arch/stm32/f4/src/stm32f4xx_hal_timebase_tim_template.o
LOAD ../arch/stm32/f4/src/stm32f4xx_hal_irda.o
LOAD ../arch/stm32/f4/src/stm32f4xx_hal_rtc_ex.o
LOAD ../arch/stm32/f4/src/stm32f4xx_hal_sram.o
LOAD ../arch/stm32/f4/src/stm32f4xx_hal_dma_ex.o
LOAD ../arch/stm32/f4/src/stm32f4xx_hal_nor.o
LOAD ../arch/stm32/f4/src/stm32f4xx_hal_can.o
LOAD ../arch/stm32/f4/src/stm32f4xx_ll_sdmmc.o
LOAD ../arch/stm32/f4/src/stm32f4xx_hal_dsi.o
LOAD ../arch/stm32/f4/src/stm32f4xx_hal_iwdg.o
LOAD ../arch/stm32/f4/src/stm32f4xx_hal_hash.o
LOAD ../arch/stm32/f4/src/stm32f4xx_hal_cryp_ex.o
LOAD ../arch/stm32/f4/src/stm32f4xx_hal_sai.o
LOAD ../arch/stm32/f4/src/stm32f4xx_hal_adc.o
LOAD ../arch/stm32/f4/src/stm32f4xx_hal_dcmi_ex.o
LOAD ../arch/stm32/f4/src/stm32f4xx_hal.o
LOAD ../arch/stm32/f4/src/stm32f4xx_hal_cec.o
LOAD ../arch/stm32/f4/src/stm32f4xx_hal_pcd.o
LOAD ../arch/stm32/f4/src/stm32f4xx_hal_i2c_ex.o
LOAD ../arch/stm32/f4/src/CMSIS/system_stm32f4xx.o
LOAD ../arch/stm32/f4/src/CMSIS/startup_stm32f407xx.o
LOAD test1.o
LOAD user_source/foo.o
LOAD user_source/hal_interface/board_led.o
LOAD user_source/hal_interface/cpu.o
LOAD c:/users/ky935/gcc-arm-none-eabi-5_4-2016q3/bin/../lib/gcc/arm-none-eabi/5.4.1/../../../../arm-none-eabi/lib/armv7e-m/fpu\libm.a
LOAD c:/users/ky935/gcc-arm-none-eabi-5_4-2016q3/bin/../lib/gcc/arm-none-eabi/5.4.1/../../../../arm-none-eabi/lib/armv7e-m/fpu\libc.a
START GROUP
LOAD c:/users/ky935/gcc-arm-none-eabi-5_4-2016q3/bin/../lib/gcc/arm-none-eabi/5.4.1/armv7e-m/fpu\libgcc.a
LOAD c:/users/ky935/gcc-arm-none-eabi-5_4-2016q3/bin/../lib/gcc/arm-none-eabi/5.4.1/../../../../arm-none-eabi/lib/armv7e-m/fpu\libc.a
END GROUP
START GROUP
LOAD c:/users/ky935/gcc-arm-none-eabi-5_4-2016q3/bin/../lib/gcc/arm-none-eabi/5.4.1/armv7e-m/fpu\libgcc.a
LOAD c:/users/ky935/gcc-arm-none-eabi-5_4-2016q3/bin/../lib/gcc/arm-none-eabi/5.4.1/../../../../arm-none-eabi/lib/armv7e-m/fpu\libc.a
LOAD c:/users/ky935/gcc-arm-none-eabi-5_4-2016q3/bin/../lib/gcc/arm-none-eabi/5.4.1/../../../../arm-none-eabi/lib/armv7e-m/fpu\libnosys.a
END GROUP
LOAD c:/users/ky935/gcc-arm-none-eabi-5_4-2016q3/bin/../lib/gcc/arm-none-eabi/5.4.1/armv7e-m/fpu/crtend.o
LOAD c:/users/ky935/gcc-arm-none-eabi-5_4-2016q3/bin/../lib/gcc/arm-none-eabi/5.4.1/armv7e-m/fpu/crtn.o
OUTPUT(test1.elf elf32-littlearm)

.debug_info     0x00000000     0x9767
 .debug_info    0x00000000      0xcb7 ../arch/stm32/f4/src/stm32f4xx_hal_rcc.o
 .debug_info    0x00000cb7     0x1124 ../arch/stm32/f4/src/stm32f4xx_hal_tim_ex.o
 .debug_info    0x00001ddb      0xa6e ../arch/stm32/f4/src/stm32f4xx_hal_dma.o
 .debug_info    0x00002849      0x72d ../arch/stm32/f4/src/stm32f4xx_hal_gpio.o
 .debug_info    0x00002f76      0xe7d ../arch/stm32/f4/src/stm32f4xx_hal_cortex.o
 .debug_info    0x00003df3     0x3139 ../arch/stm32/f4/src/stm32f4xx_hal_tim.o
 .debug_info    0x00006f2c       0xbf ../arch/stm32/f4/src/stm32f4xx_hal_msp_template.o
 .debug_info    0x00006feb      0xbbd ../arch/stm32/f4/src/stm32f4xx_hal_timebase_tim_template.o
 .debug_info    0x00007ba8      0x8d6 ../arch/stm32/f4/src/stm32f4xx_hal.o
 .debug_info    0x0000847e      0x4ee ../arch/stm32/f4/src/CMSIS/system_stm32f4xx.o
 .debug_info    0x0000896c       0xa0 ../arch/stm32/f4/src/CMSIS/startup_stm32f407xx.o
 .debug_info    0x00008a0c      0x1bc test1.o
 .debug_info    0x00008bc8       0x96 user_source/foo.o
 .debug_info    0x00008c5e      0x54e user_source/hal_interface/board_led.o
 .debug_info    0x000091ac      0x5bb user_source/hal_interface/cpu.o

.debug_abbrev   0x00000000     0x1b2d
 .debug_abbrev  0x00000000      0x31e ../arch/stm32/f4/src/stm32f4xx_hal_rcc.o
 .debug_abbrev  0x0000031e      0x29e ../arch/stm32/f4/src/stm32f4xx_hal_tim_ex.o
 .debug_abbrev  0x000005bc      0x2e0 ../arch/stm32/f4/src/stm32f4xx_hal_dma.o
 .debug_abbrev  0x0000089c      0x1c8 ../arch/stm32/f4/src/stm32f4xx_hal_gpio.o
 .debug_abbrev  0x00000a64      0x320 ../arch/stm32/f4/src/stm32f4xx_hal_cortex.o
 .debug_abbrev  0x00000d84      0x333 ../arch/stm32/f4/src/stm32f4xx_hal_tim.o
 .debug_abbrev  0x000010b7       0x70 ../arch/stm32/f4/src/stm32f4xx_hal_msp_template.o
 .debug_abbrev  0x00001127      0x216 ../arch/stm32/f4/src/stm32f4xx_hal_timebase_tim_template.o
 .debug_abbrev  0x0000133d      0x244 ../arch/stm32/f4/src/stm32f4xx_hal.o
 .debug_abbrev  0x00001581      0x101 ../arch/stm32/f4/src/CMSIS/system_stm32f4xx.o
 .debug_abbrev  0x00001682       0x12 ../arch/stm32/f4/src/CMSIS/startup_stm32f407xx.o
 .debug_abbrev  0x00001694       0xd3 test1.o
 .debug_abbrev  0x00001767       0x94 user_source/foo.o
 .debug_abbrev  0x000017fb      0x170 user_source/hal_interface/board_led.o
 .debug_abbrev  0x0000196b      0x1c2 user_source/hal_interface/cpu.o

.debug_loc      0x00000000     0x69e3
 .debug_loc     0x00000000      0x528 ../arch/stm32/f4/src/stm32f4xx_hal_rcc.o
 .debug_loc     0x00000528      0xd15 ../arch/stm32/f4/src/stm32f4xx_hal_tim_ex.o
 .debug_loc     0x0000123d      0x7c5 ../arch/stm32/f4/src/stm32f4xx_hal_dma.o
 .debug_loc     0x00001a02      0x3d1 ../arch/stm32/f4/src/stm32f4xx_hal_gpio.o
 .debug_loc     0x00001dd3      0x637 ../arch/stm32/f4/src/stm32f4xx_hal_cortex.o
 .debug_loc     0x0000240a     0x417e ../arch/stm32/f4/src/stm32f4xx_hal_tim.o
 .debug_loc     0x00006588       0xd1 ../arch/stm32/f4/src/stm32f4xx_hal_timebase_tim_template.o
 .debug_loc     0x00006659       0x92 ../arch/stm32/f4/src/stm32f4xx_hal.o
 .debug_loc     0x000066eb      0x14c ../arch/stm32/f4/src/CMSIS/system_stm32f4xx.o
 .debug_loc     0x00006837       0x44 test1.o
 .debug_loc     0x0000687b       0x4e user_source/foo.o
 .debug_loc     0x000068c9       0xae user_source/hal_interface/board_led.o
 .debug_loc     0x00006977       0x6c user_source/hal_interface/cpu.o

.debug_aranges  0x00000000      0x1e8
 .debug_aranges
                0x00000000       0x20 ../arch/stm32/f4/src/stm32f4xx_hal_rcc.o
 .debug_aranges
                0x00000020       0x20 ../arch/stm32/f4/src/stm32f4xx_hal_tim_ex.o
 .debug_aranges
                0x00000040       0x20 ../arch/stm32/f4/src/stm32f4xx_hal_dma.o
 .debug_aranges
                0x00000060       0x20 ../arch/stm32/f4/src/stm32f4xx_hal_gpio.o
 .debug_aranges
                0x00000080       0x20 ../arch/stm32/f4/src/stm32f4xx_hal_cortex.o
 .debug_aranges
                0x000000a0       0x20 ../arch/stm32/f4/src/stm32f4xx_hal_tim.o
 .debug_aranges
                0x000000c0       0x20 ../arch/stm32/f4/src/stm32f4xx_hal_msp_template.o
 .debug_aranges
                0x000000e0       0x20 ../arch/stm32/f4/src/stm32f4xx_hal_timebase_tim_template.o
 .debug_aranges
                0x00000100       0x20 ../arch/stm32/f4/src/stm32f4xx_hal.o
 .debug_aranges
                0x00000120       0x20 ../arch/stm32/f4/src/CMSIS/system_stm32f4xx.o
 .debug_aranges
                0x00000140       0x28 ../arch/stm32/f4/src/CMSIS/startup_stm32f407xx.o
 .debug_aranges
                0x00000168       0x20 test1.o
 .debug_aranges
                0x00000188       0x20 user_source/foo.o
 .debug_aranges
                0x000001a8       0x20 user_source/hal_interface/board_led.o
 .debug_aranges
                0x000001c8       0x20 user_source/hal_interface/cpu.o

.debug_ranges   0x00000000      0x5a0
 .debug_ranges  0x00000000      0x118 ../arch/stm32/f4/src/stm32f4xx_hal_rcc.o
 .debug_ranges  0x00000118       0xa0 ../arch/stm32/f4/src/stm32f4xx_hal_dma.o
 .debug_ranges  0x000001b8       0x20 ../arch/stm32/f4/src/stm32f4xx_hal_gpio.o
 .debug_ranges  0x000001d8       0xe0 ../arch/stm32/f4/src/stm32f4xx_hal_cortex.o
 .debug_ranges  0x000002b8      0x230 ../arch/stm32/f4/src/stm32f4xx_hal_tim.o
 .debug_ranges  0x000004e8       0x18 ../arch/stm32/f4/src/stm32f4xx_hal_timebase_tim_template.o
 .debug_ranges  0x00000500       0x20 ../arch/stm32/f4/src/CMSIS/startup_stm32f407xx.o
 .debug_ranges  0x00000520       0x10 test1.o
 .debug_ranges  0x00000530       0x38 user_source/hal_interface/board_led.o
 .debug_ranges  0x00000568       0x38 user_source/hal_interface/cpu.o

.debug_line     0x00000000     0x3480
 .debug_line    0x00000000      0x519 ../arch/stm32/f4/src/stm32f4xx_hal_rcc.o
 .debug_line    0x00000519      0x5bb ../arch/stm32/f4/src/stm32f4xx_hal_tim_ex.o
 .debug_line    0x00000ad4      0x57d ../arch/stm32/f4/src/stm32f4xx_hal_dma.o
 .debug_line    0x00001051      0x32f ../arch/stm32/f4/src/stm32f4xx_hal_gpio.o
 .debug_line    0x00001380      0x2f4 ../arch/stm32/f4/src/stm32f4xx_hal_cortex.o
 .debug_line    0x00001674     0x110b ../arch/stm32/f4/src/stm32f4xx_hal_tim.o
 .debug_line    0x0000277f      0x13c ../arch/stm32/f4/src/stm32f4xx_hal_msp_template.o
 .debug_line    0x000028bb      0x22a ../arch/stm32/f4/src/stm32f4xx_hal_timebase_tim_template.o
 .debug_line    0x00002ae5      0x22c ../arch/stm32/f4/src/stm32f4xx_hal.o
 .debug_line    0x00002d11      0x182 ../arch/stm32/f4/src/CMSIS/system_stm32f4xx.o
 .debug_line    0x00002e93       0x8f ../arch/stm32/f4/src/CMSIS/startup_stm32f407xx.o
 .debug_line    0x00002f22      0x173 test1.o
 .debug_line    0x00003095       0x44 user_source/foo.o
 .debug_line    0x000030d9      0x1bd user_source/hal_interface/board_led.o
 .debug_line    0x00003296      0x1ea user_source/hal_interface/cpu.o

.debug_str      0x00000000     0x2a65
 .debug_str     0x00000000      0x655 ../arch/stm32/f4/src/stm32f4xx_hal_rcc.o
                                0x6d4 (size before relaxing)
 .debug_str     0x00000655      0x920 ../arch/stm32/f4/src/stm32f4xx_hal_tim_ex.o
                                0xb82 (size before relaxing)
 .debug_str     0x00000f75      0x2fc ../arch/stm32/f4/src/stm32f4xx_hal_dma.o
                                0x79e (size before relaxing)
 .debug_str     0x00001271      0x157 ../arch/stm32/f4/src/stm32f4xx_hal_gpio.o
                                0x508 (size before relaxing)
 .debug_str     0x000013c8      0x8d7 ../arch/stm32/f4/src/stm32f4xx_hal_cortex.o
                                0xbf2 (size before relaxing)
 .debug_str     0x00001c9f      0x992 ../arch/stm32/f4/src/stm32f4xx_hal_tim.o
                               0x1133 (size before relaxing)
 .debug_str     0x00002631       0x44 ../arch/stm32/f4/src/stm32f4xx_hal_msp_template.o
                                0x1f3 (size before relaxing)
 .debug_str     0x00002675       0xe5 ../arch/stm32/f4/src/stm32f4xx_hal_timebase_tim_template.o
                                0xdd6 (size before relaxing)
 .debug_str     0x0000275a      0x198 ../arch/stm32/f4/src/stm32f4xx_hal.o
                                0xa92 (size before relaxing)
 .debug_str     0x000028f2       0x67 ../arch/stm32/f4/src/CMSIS/system_stm32f4xx.o
                                0x3aa (size before relaxing)
 .debug_str     0x00002959       0x60 test1.o
                                0x20f (size before relaxing)
 .debug_str     0x000029b9       0x2d user_source/foo.o
                                0x128 (size before relaxing)
 .debug_str     0x000029e6       0x3e user_source/hal_interface/board_led.o
                                0x408 (size before relaxing)
 .debug_str     0x00002a24       0x41 user_source/hal_interface/cpu.o
                                0x4d3 (size before relaxing)

.comment        0x00000000       0x6e
 .comment       0x00000000       0x6e ../arch/stm32/f4/src/stm32f4xx_hal_rcc.o
                                 0x6f (size before relaxing)
 .comment       0x0000006e       0x6f ../arch/stm32/f4/src/stm32f4xx_hal_tim_ex.o
 .comment       0x0000006e       0x6f ../arch/stm32/f4/src/stm32f4xx_hal_dma.o
 .comment       0x0000006e       0x6f ../arch/stm32/f4/src/stm32f4xx_hal_gpio.o
 .comment       0x0000006e       0x6f ../arch/stm32/f4/src/stm32f4xx_hal_cortex.o
 .comment       0x0000006e       0x6f ../arch/stm32/f4/src/stm32f4xx_hal_tim.o
 .comment       0x0000006e       0x6f ../arch/stm32/f4/src/stm32f4xx_hal_msp_template.o
 .comment       0x0000006e       0x6f ../arch/stm32/f4/src/stm32f4xx_hal_timebase_tim_template.o
 .comment       0x0000006e       0x6f ../arch/stm32/f4/src/stm32f4xx_hal.o
 .comment       0x0000006e       0x6f ../arch/stm32/f4/src/CMSIS/system_stm32f4xx.o
 .comment       0x0000006e       0x6f test1.o
 .comment       0x0000006e       0x6f user_source/foo.o
 .comment       0x0000006e       0x6f user_source/hal_interface/board_led.o
 .comment       0x0000006e       0x6f user_source/hal_interface/cpu.o

.debug_frame    0x00000000     0x152c
 .debug_frame   0x00000000      0x164 ../arch/stm32/f4/src/stm32f4xx_hal_rcc.o
 .debug_frame   0x00000164      0x320 ../arch/stm32/f4/src/stm32f4xx_hal_tim_ex.o
 .debug_frame   0x00000484      0x188 ../arch/stm32/f4/src/stm32f4xx_hal_dma.o
 .debug_frame   0x0000060c       0xd8 ../arch/stm32/f4/src/stm32f4xx_hal_gpio.o
 .debug_frame   0x000006e4      0x168 ../arch/stm32/f4/src/stm32f4xx_hal_cortex.o
 .debug_frame   0x0000084c      0x95c ../arch/stm32/f4/src/stm32f4xx_hal_tim.o
 .debug_frame   0x000011a8       0x50 ../arch/stm32/f4/src/stm32f4xx_hal_msp_template.o
 .debug_frame   0x000011f8       0x74 ../arch/stm32/f4/src/stm32f4xx_hal_timebase_tim_template.o
 .debug_frame   0x0000126c      0x188 ../arch/stm32/f4/src/stm32f4xx_hal.o
 .debug_frame   0x000013f4       0x3c ../arch/stm32/f4/src/CMSIS/system_stm32f4xx.o
 .debug_frame   0x00001430       0x28 test1.o
 .debug_frame   0x00001458       0x30 user_source/foo.o
 .debug_frame   0x00001488       0x60 user_source/hal_interface/board_led.o
 .debug_frame   0x000014e8       0x44 user_source/hal_interface/cpu.o
